Archive member included because of file (symbol)

contiki-sky.a(powertrace.o)   c-sync.co (powertrace_print)
contiki-sky.a(contiki-sky-pla)
                              obj_sky/contiki-sky-main.o (init_platform)
contiki-sky.a(button-sensor.o)
                              contiki-sky.a(contiki-sky-pla) (button_sensor)
contiki-sky.a(ds2411.o)       obj_sky/contiki-sky-main.o (ds2411_init)
contiki-sky.a(xmem.o)         obj_sky/contiki-sky-main.o (xmem_init)
contiki-sky.a(node-id.o)      obj_sky/contiki-sky-main.o (node_id_restore)
contiki-sky.a(sensors.o)      contiki-sky.a(button-sensor.o) (sensors_changed)
contiki-sky.a(cc2420.o)       obj_sky/contiki-sky-main.o (cc2420_set_pan_addr)
contiki-sky.a(cc2420-arch.o)  contiki-sky.a(cc2420.o) (cc2420_arch_init)
contiki-sky.a(uart1.o)        obj_sky/contiki-sky-main.o (uart1_active)
contiki-sky.a(uart1-putchar.o)
                              c-sync.co (putchar)
contiki-sky.a(msp430.o)       contiki-sky.a(uart1.o) (msp430_add_lpm_req)
contiki-sky.a(clock.o)        contiki-sky.a(ds2411.o) (clock_delay)
contiki-sky.a(leds.o)         c-sync.co (leds_init)
contiki-sky.a(leds-arch.o)    contiki-sky.a(leds.o) (leds_arch_init)
contiki-sky.a(watchdog.o)     obj_sky/contiki-sky-main.o (watchdog_start)
contiki-sky.a(rtimer.o)       contiki-sky.a(clock.o) (rtimer_init)
contiki-sky.a(autostart.o)    obj_sky/contiki-sky-main.o (autostart_start)
contiki-sky.a(energest.o)     obj_sky/contiki-sky-main.o (energest_init)
contiki-sky.a(ctimer.o)       obj_sky/contiki-sky-main.o (ctimer_init)
contiki-sky.a(etimer.o)       contiki-sky.a(clock.o) (etimer_request_poll)
contiki-sky.a(process.o)      contiki-sky.a(ctimer.o) (process_current)
contiki-sky.a(timer.o)        contiki-sky.a(button-sensor.o) (timer_set)
contiki-sky.a(serial-line.o)  obj_sky/contiki-sky-main.o (serial_line_input_byte)
contiki-sky.a(ringbuf.o)      contiki-sky.a(serial-line.o) (ringbuf_init)
contiki-sky.a(list.o)         c-sync.co (list_init)
contiki-sky.a(memb.o)         c-sync.co (memb_init)
contiki-sky.a(random.o)       obj_sky/contiki-sky-main.o (random_init)
contiki-sky.a(rime.o)         obj_sky/contiki-sky-main.o (rime_driver)
contiki-sky.a(broadcast-annou)
                              c-sync.co (broadcast_announcement_init)
contiki-sky.a(polite-announce)
                              c-sync.co (polite_announcement_init)
contiki-sky.a(abc.o)          contiki-sky.a(rime.o) (abc_input)
contiki-sky.a(announcement.o)
                              c-sync.co (announcement_init)
contiki-sky.a(channel.o)      contiki-sky.a(abc.o) (channel_open)
contiki-sky.a(broadcast.o)    contiki-sky.a(broadcast-annou) (broadcast_open)
contiki-sky.a(ipolite.o)      contiki-sky.a(polite-announce) (ipolite_open)
contiki-sky.a(chameleon.o)    contiki-sky.a(rime.o) (chameleon_init)
contiki-sky.a(csma.o)         obj_sky/contiki-sky-main.o (csma_driver)
contiki-sky.a(mac.o)          contiki-sky.a(csma.o) (mac_call_sent_callback)
contiki-sky.a(csyncrdc-framer)
                              obj_sky/contiki-sky-main.o (csyncrdc_framer_driver)
contiki-sky.a(queuebuf.o)     contiki-sky.a(rime.o) (queuebuf_init)
contiki-sky.a(packetbuf.o)    contiki-sky.a(cc2420.o) (packetbuf_set_datalen)
contiki-sky.a(linkaddr.o)     obj_sky/contiki-sky-main.o (linkaddr_copy)
contiki-sky.a(nullsec.o)      c-sync.co (nullsec_driver)
contiki-sky.a(gtsp.o)         c-sync.co (gtsp_recv)
contiki-sky.a(ftsp.o)         contiki-sky.a(gtsp.o) (linear_regression)
contiki-sky.a(received_discov)
                              c-sync.co (received_discovery_announcement)
contiki-sky.a(spi.o)          contiki-sky.a(xmem.o) (spi_init)
contiki-sky.a(chameleon-bitop)
                              contiki-sky.a(chameleon.o) (chameleon_bitopt)
contiki-sky.a(framer-802154.o)
                              contiki-sky.a(csyncrdc-framer) (framer_802154)
contiki-sky.a(frame802154.o)  contiki-sky.a(framer-802154.o) (frame802154_get_pan_id)
/usr/lib/gcc/msp430/4.6.3/mmpy-16/libgcc.a(_mulsi3.o)
                              contiki-sky.a(powertrace.o) (__mulsi3)
/usr/lib/gcc/msp430/4.6.3/mmpy-16/libgcc.a(_udivmod32.o)
                              contiki-sky.a(powertrace.o) (__udivsi3)
/usr/lib/gcc/msp430/4.6.3/mmpy-16/libgcc.a(_divmod32.o)
                              contiki-sky.a(gtsp.o) (__divsi3)
/usr/lib/gcc/msp430/4.6.3/mmpy-16/libgcc.a(_fixunssfsi.o)
                              contiki-sky.a(clock.o) (__fixunssfsi)
/usr/lib/gcc/msp430/4.6.3/mmpy-16/libgcc.a(_addsub_sf.o)
                              c-sync.co (__addsf3)
/usr/lib/gcc/msp430/4.6.3/mmpy-16/libgcc.a(_mul_sf.o)
                              c-sync.co (__mulsf3)
/usr/lib/gcc/msp430/4.6.3/mmpy-16/libgcc.a(_div_sf.o)
                              c-sync.co (__divsf3)
/usr/lib/gcc/msp430/4.6.3/mmpy-16/libgcc.a(_ne_sf.o)
                              c-sync.co (__nesf2)
/usr/lib/gcc/msp430/4.6.3/mmpy-16/libgcc.a(_gt_sf.o)
                              contiki-sky.a(clock.o) (__gtsf2)
[...]
Memory Configuration

Name             Origin             Length             Attributes
sfr              0x0000000000000000 0x0000000000000010
peripheral_8bit  0x0000000000000010 0x00000000000000f0
peripheral_16bit 0x0000000000000100 0x0000000000000100
ram_mirror       0x0000000000000200 0x0000000000000800 xw
infomem          0x0000000000001000 0x0000000000000100
infob            0x0000000000001000 0x0000000000000080
infoa            0x0000000000001080 0x0000000000000080
ram              0x0000000000001100 0x0000000000002800 xw
rom              0x0000000000004000 0x000000000000bfe0 xr
vectors          0x000000000000ffe0 0x0000000000000020
bsl              0x0000000000000000 0x0000000000000000
infoc            0x0000000000000000 0x0000000000000000
infod            0x0000000000000000 0x0000000000000000
ram2             0x0000000000000000 0x0000000000000000 xw
usbram           0x0000000000000000 0x0000000000000000 xw
far_rom          0x0000000000000000 0x0000000000000000
*default*        0x0000000000000000 0xffffffffffffffff

Linker script and memory map

LOAD /usr/lib/gcc/msp430/4.6.3/mmpy-16/crt0ivtbl16.o
LOAD c-sync.co
LOAD obj_sky/contiki-sky-main.o
LOAD contiki-sky.a
LOAD /usr/lib/gcc/msp430/4.6.3/mmpy-16/libgcc.a
LOAD /usr/lib/gcc/msp430/4.6.3/../../../../msp430/lib/mmpy-16/libc.a
LOAD /usr/lib/gcc/msp430/4.6.3/mmpy-16/libgcc.a
LOAD /usr/lib/gcc/msp430/4.6.3/mmpy-16/libcrt0.a
                0x0000000000000080                PROVIDE (__info_segment_size, 0x80)
                0x0000000000001000                PROVIDE (__infob, 0x1000)
                0x0000000000001080                PROVIDE (__infoa, 0x1080)
                0x0000000000000000                __IE1 = 0x0
                0x0000000000000002                __IFG1 = 0x2
                0x0000000000000004                __ME1 = 0x4
                0x0000000000000001                __IE2 = 0x1
                0x0000000000000003                __IFG2 = 0x3
                0x0000000000000005                __ME2 = 0x5
                0x0000000000000120                __WDTCTL = 0x120
                0x0000000000000130                __MPY = 0x130
                0x0000000000000132                __MPYS = 0x132
                0x0000000000000134                __MAC = 0x134
                0x0000000000000136                __MACS = 0x136
                0x0000000000000138                __OP2 = 0x138
                0x000000000000013a                __RESLO = 0x13a
                0x000000000000013c                __RESHI = 0x13c
                0x000000000000013e                __SUMEXT = 0x13e
                0x0000000000000020                __P1IN = 0x20
                0x0000000000000021                __P1OUT = 0x21
                0x0000000000000022                __P1DIR = 0x22
                0x0000000000000023                __P1IFG = 0x23
                0x0000000000000024                __P1IES = 0x24
                0x0000000000000025                __P1IE = 0x25
                0x0000000000000026                __P1SEL = 0x26
                0x0000000000000028                __P2IN = 0x28
                0x0000000000000029                __P2OUT = 0x29
                0x000000000000002a                __P2DIR = 0x2a
                0x000000000000002b                __P2IFG = 0x2b
                0x000000000000002c                __P2IES = 0x2c
                0x000000000000002d                __P2IE = 0x2d
                0x000000000000002e                __P2SEL = 0x2e
                0x0000000000000018                __P3IN = 0x18
                0x0000000000000019                __P3OUT = 0x19
                0x000000000000001a                __P3DIR = 0x1a
                0x000000000000001b                __P3SEL = 0x1b
                0x000000000000001c                __P4IN = 0x1c
                0x000000000000001d                __P4OUT = 0x1d
                0x000000000000001e                __P4DIR = 0x1e
                0x000000000000001f                __P4SEL = 0x1f
                0x0000000000000030                __P5IN = 0x30
                0x0000000000000031                __P5OUT = 0x31
                0x0000000000000032                __P5DIR = 0x32
                0x0000000000000033                __P5SEL = 0x33
                0x0000000000000034                __P6IN = 0x34
                0x0000000000000035                __P6OUT = 0x35
                0x0000000000000036                __P6DIR = 0x36
                0x0000000000000037                __P6SEL = 0x37
                0x0000000000000070                __U0CTL = 0x70
                0x0000000000000071                __U0TCTL = 0x71
                0x0000000000000072                __U0RCTL = 0x72
                0x0000000000000073                __U0MCTL = 0x73
                0x0000000000000074                __U0BR0 = 0x74
                0x0000000000000075                __U0BR1 = 0x75
                0x0000000000000076                __U0RXBUF = 0x76
                0x0000000000000077                __U0TXBUF = 0x77
                0x0000000000000078                __U1CTL = 0x78
                0x0000000000000079                __U1TCTL = 0x79
                0x000000000000007a                __U1RCTL = 0x7a
                0x000000000000007b                __U1MCTL = 0x7b
                0x000000000000007c                __U1BR0 = 0x7c
                0x000000000000007d                __U1BR1 = 0x7d
                0x000000000000007e                __U1RXBUF = 0x7e
                0x000000000000007f                __U1TXBUF = 0x7f
                0x0000000000000050                __I2CIE = 0x50
                0x0000000000000051                __I2CIFG = 0x51
                0x0000000000000052                __I2CNDAT = 0x52
                0x0000000000000071                __I2CTCTL = 0x71
                0x0000000000000072                __I2CDCTL = 0x72
                0x0000000000000073                __I2CPSC = 0x73
                0x0000000000000074                __I2CSCLH = 0x74
                0x0000000000000075                __I2CSCLL = 0x75
                0x0000000000000076                __I2CDRB = 0x76
                0x0000000000000076                __I2CDRW = 0x76
                0x0000000000000118                __I2COA = 0x118
                0x000000000000011a                __I2CSA = 0x11a
                0x000000000000011c                __I2CIV = 0x11c
                0x000000000000012e                __TAIV = 0x12e
                0x0000000000000160                __TACTL = 0x160
                0x0000000000000162                __TACCTL0 = 0x162
                0x0000000000000164                __TACCTL1 = 0x164
                0x0000000000000166                __TACCTL2 = 0x166
                0x0000000000000170                __TAR = 0x170
                0x0000000000000172                __TACCR0 = 0x172
                0x0000000000000174                __TACCR1 = 0x174
                0x0000000000000176                __TACCR2 = 0x176
                0x000000000000011e                __TBIV = 0x11e
                0x0000000000000180                __TBCTL = 0x180
                0x0000000000000182                __TBCCTL0 = 0x182
                0x0000000000000184                __TBCCTL1 = 0x184
                0x0000000000000186                __TBCCTL2 = 0x186
                0x0000000000000188                __TBCCTL3 = 0x188
                0x000000000000018a                __TBCCTL4 = 0x18a
                0x000000000000018c                __TBCCTL5 = 0x18c
                0x000000000000018e                __TBCCTL6 = 0x18e
                0x0000000000000190                __TBR = 0x190
                0x0000000000000192                __TBCCR0 = 0x192
                0x0000000000000194                __TBCCR1 = 0x194
                0x0000000000000196                __TBCCR2 = 0x196
                0x0000000000000198                __TBCCR3 = 0x198
                0x000000000000019a                __TBCCR4 = 0x19a
                0x000000000000019c                __TBCCR5 = 0x19c
                0x000000000000019e                __TBCCR6 = 0x19e
                0x0000000000000056                __DCOCTL = 0x56
                0x0000000000000057                __BCSCTL1 = 0x57
                0x0000000000000058                __BCSCTL2 = 0x58
                0x0000000000000055                __SVSCTL = 0x55
                0x0000000000000128                __FCTL1 = 0x128
                0x000000000000012a                __FCTL2 = 0x12a
                0x000000000000012c                __FCTL3 = 0x12c
                0x0000000000000059                __CACTL1 = 0x59
                0x000000000000005a                __CACTL2 = 0x5a
                0x000000000000005b                __CAPD = 0x5b
                0x00000000000001a0                __ADC12CTL0 = 0x1a0
                0x00000000000001a2                __ADC12CTL1 = 0x1a2
                0x00000000000001a4                __ADC12IFG = 0x1a4
                0x00000000000001a6                __ADC12IE = 0x1a6
                0x00000000000001a8                __ADC12IV = 0x1a8
                0x0000000000000140                __ADC12MEM0 = 0x140
                0x0000000000000142                __ADC12MEM1 = 0x142
                0x0000000000000144                __ADC12MEM2 = 0x144
                0x0000000000000146                __ADC12MEM3 = 0x146
                0x0000000000000148                __ADC12MEM4 = 0x148
                0x000000000000014a                __ADC12MEM5 = 0x14a
                0x000000000000014c                __ADC12MEM6 = 0x14c
                0x000000000000014e                __ADC12MEM7 = 0x14e
                0x0000000000000150                __ADC12MEM8 = 0x150
                0x0000000000000152                __ADC12MEM9 = 0x152
                0x0000000000000154                __ADC12MEM10 = 0x154
                0x0000000000000156                __ADC12MEM11 = 0x156
                0x0000000000000158                __ADC12MEM12 = 0x158
                0x000000000000015a                __ADC12MEM13 = 0x15a
                0x000000000000015c                __ADC12MEM14 = 0x15c
                0x000000000000015e                __ADC12MEM15 = 0x15e
                0x0000000000000080                __ADC12MCTL0 = 0x80
                0x0000000000000081                __ADC12MCTL1 = 0x81
                0x0000000000000082                __ADC12MCTL2 = 0x82
                0x0000000000000083                __ADC12MCTL3 = 0x83
                0x0000000000000084                __ADC12MCTL4 = 0x84
                0x0000000000000085                __ADC12MCTL5 = 0x85
                0x0000000000000086                __ADC12MCTL6 = 0x86
                0x0000000000000087                __ADC12MCTL7 = 0x87
                0x0000000000000088                __ADC12MCTL8 = 0x88
                0x0000000000000089                __ADC12MCTL9 = 0x89
                0x000000000000008a                __ADC12MCTL10 = 0x8a
                0x000000000000008b                __ADC12MCTL11 = 0x8b
                0x000000000000008c                __ADC12MCTL12 = 0x8c
                0x000000000000008d                __ADC12MCTL13 = 0x8d
                0x000000000000008e                __ADC12MCTL14 = 0x8e
                0x000000000000008f                __ADC12MCTL15 = 0x8f
                0x00000000000001c0                __DAC12_0CTL = 0x1c0
                0x00000000000001c2                __DAC12_1CTL = 0x1c2
                0x00000000000001c8                __DAC12_0DAT = 0x1c8
                0x00000000000001ca                __DAC12_1DAT = 0x1ca
                0x0000000000000122                __DMACTL0 = 0x122
                0x0000000000000124                __DMACTL1 = 0x124
                0x00000000000001e0                __DMA0CTL = 0x1e0
                0x00000000000001e8                __DMA1CTL = 0x1e8
                0x00000000000001f0                __DMA2CTL = 0x1f0
                0x00000000000001e2                __DMA0SA = 0x1e2
                0x00000000000001e4                __DMA0DA = 0x1e4
                0x00000000000001e6                __DMA0SZ = 0x1e6
                0x00000000000001ea                __DMA1SA = 0x1ea
                0x00000000000001ec                __DMA1DA = 0x1ec
                0x00000000000001ee                __DMA1SZ = 0x1ee
                0x00000000000001f2                __DMA2SA = 0x1f2
                0x00000000000001f4                __DMA2DA = 0x1f4
                0x00000000000001f6                __DMA2SZ = 0x1f6

.hash
 *(.hash)

.dynsym
 *(.dynsym)

.dynstr
 *(.dynstr)

.gnu.version
 *(.gnu.version)

.gnu.version_d
 *(.gnu.version_d)

.gnu.version_r
 *(.gnu.version_r)

.rel.init
 *(.rel.init)

.rela.init
 *(.rela.init)

.rel.fini
 *(.rel.fini)

.rela.fini
 *(.rela.fini)

.rel.text
 *(.rel.text .rel.text.* .rel.gnu.linkonce.t.*)

.rela.text
 *(.rela.text .rela.text.* .rela.gnu.linkonce.t.*)

.rel.rodata
 *(.rel.rodata .rel.rodata.* .rel.gnu.linkonce.r.*)

.rela.rodata
 *(.rela.rodata .rela.rodata.* .rela.gnu.linkonce.r.*)

.rel.data
 *(.rel.data .rel.data.* .rel.gnu.linkonce.d.*)

.rela.data
 *(.rela.data .rela.data.* .rela.gnu.linkonce.d.*)

.rel.bss
 *(.rel.bss .rel.bss.* .rel.gnu.linkonce.b.*)

.rela.bss
 *(.rela.bss .rela.bss.* .rela.gnu.linkonce.b.*)

.rel.ctors
 *(.rel.ctors)

.rela.ctors
 *(.rela.ctors)

.rel.dtors
 *(.rel.dtors)

.rela.dtors
 *(.rela.dtors)

.rel.got
 *(.rel.got)

.rela.got
 *(.rela.got)

.rel.plt
 *(.rel.plt)

.rela.plt
 *(.rela.plt)

.text           0x0000000000004000     0x861a
                0x0000000000004000                . = ALIGN (0x2)
 *(.init .init.*)
 *(.init0)
 .init0         0x0000000000004000        0x0 /usr/lib/gcc/msp430/4.6.3/mmpy-16/libcrt0.a(_reset_vector__.o)
                0x0000000000004000                _reset_vector__
 *(.init1)
 .init1         0x0000000000004000        0xc /usr/lib/gcc/msp430/4.6.3/mmpy-16/libcrt0.a(__watchdog_support.o)
                0x0000000000004000                __watchdog_support
 *(.init2)
 .init2         0x000000000000400c        0x4 /usr/lib/gcc/msp430/4.6.3/mmpy-16/libcrt0.a(__init_stack.o)
                0x000000000000400c                __init_stack
 *(.init3)
 .init3         0x0000000000004010        0x0 /usr/lib/gcc/msp430/4.6.3/mmpy-16/libcrt0.a(__low_level_init.o)
                0x0000000000004010                __low_level_init
 *(.init4)
 .init4         0x0000000000004010       0x18 /usr/lib/gcc/msp430/4.6.3/mmpy-16/libcrt0.a(_copy_data.o)
                0x0000000000004010                __do_copy_data
 .init4         0x0000000000004028       0x16 /usr/lib/gcc/msp430/4.6.3/mmpy-16/libcrt0.a(_clear_bss.o)
                0x0000000000004028                __do_clear_bss
 *(.init5)
 *(.init6)
 *(.init7)
 *(.init8)
 *(.init9)
 .init9         0x000000000000403e      0x264 obj_sky/contiki-sky-main.o
                0x000000000000403e                main
 *(.fini9)
 .fini9         0x00000000000042a2        0x0 /usr/lib/gcc/msp430/4.6.3/mmpy-16/libcrt0.a(__stop_progExec__.o)
                0x00000000000042a2                __stop_progExec__
 *(.fini8)
 *(.fini7)
 *(.fini6)
 *(.fini5)
 *(.fini4)
 *(.fini3)
 *(.fini2)
 *(.fini1)
 *(.fini0)
 .fini0         0x00000000000042a2        0x6 /usr/lib/gcc/msp430/4.6.3/mmpy-16/libcrt0.a(_endless_loop__.o)
                0x00000000000042a2                _endless_loop__
 *(.fini .fini.*)
                0x00000000000042a8                . = ALIGN (0x2)
                0x00000000000042a8                __ctors_start = .
 *(.ctors)
                0x00000000000042a8                __ctors_end = .
                0x00000000000042a8                __dtors_start = .
 *(.dtors)
                0x00000000000042a8                __dtors_end = .
                0x00000000000042a8                . = ALIGN (0x2)
 *(.text .text.* .gnu.linkonce.t.*)
 .text          0x00000000000042a8        0x4 /usr/lib/gcc/msp430/4.6.3/mmpy-16/crt0ivtbl16.o
                0x00000000000042a8                __isr_14
                0x00000000000042a8                __isr_11
                0x00000000000042a8                __isr_2
                0x00000000000042a8                __isr_7
                0x00000000000042a8                __isr_0
                0x00000000000042a8                __isr_8
                0x00000000000042a8                __isr_3
                0x00000000000042a8                __isr_13
                0x00000000000042a8                __isr_9
 .text.enter_discovery
                0x00000000000042ac       0x32 c-sync.co
                0x00000000000042ac                enter_discovery
 .text.enter_idle
                0x00000000000042de       0x40 c-sync.co
                0x00000000000042de                enter_idle
 .text.enter_convergence
                0x000000000000431e       0x3c c-sync.co
                0x000000000000431e                enter_convergence
 .text.enter_connection_declaration
                0x000000000000435a       0x42 c-sync.co
                0x000000000000435a                enter_connection_declaration
 .text.enter_connection_revelation
                0x000000000000439c       0x40 c-sync.co
                0x000000000000439c                enter_connection_revelation
 .text.soft_reset
                0x00000000000043dc      0x11c c-sync.co
                0x00000000000043dc                soft_reset
 .text.csync_print_status
                0x00000000000044f8      0x2e4 c-sync.co
                0x00000000000044f8                csync_print_status
 .text.csync_all_synced
                0x00000000000047dc        0x6 c-sync.co
                0x00000000000047dc                csync_all_synced
 .text.check_mod_neighbours
                0x00000000000047e2       0xa0 c-sync.co
                0x00000000000047e2                check_mod_neighbours
 .text.reset_c_gtsp
                0x0000000000004882       0xce c-sync.co
                0x0000000000004882                reset_c_gtsp
 .text.add_to_neighbour
                0x0000000000004950      0x102 c-sync.co
                0x0000000000004950                add_to_neighbour
 .text.csync_update_placing
                0x0000000000004a52       0x40 c-sync.co
                0x0000000000004a52                csync_update_placing
 .text.enter_election_declaration
                0x0000000000004a92       0x54 c-sync.co
                0x0000000000004a92                enter_election_declaration
 .text.csync_CHB_placing
                0x0000000000004ae6       0x50 c-sync.co
                0x0000000000004ae6                csync_CHB_placing
 .text.process_thread_c_gtsp_process
                0x0000000000004b36      0x4e4 c-sync.co
 .text.powertrace_print
                0x000000000000501a      0x4ec contiki-sky.a(powertrace.o)
                0x000000000000501a                powertrace_print
 .text.init_platform
                0x0000000000005506        0xc contiki-sky.a(contiki-sky-pla)
                0x0000000000005506                init_platform
 .text.status   0x0000000000005512       0x16 contiki-sky.a(button-sensor.o)
 .text.configure
                0x0000000000005528       0x52 contiki-sky.a(button-sensor.o)
 .text.value    0x000000000000557a       0x22 contiki-sky.a(button-sensor.o)
 .text.irq_p2   0x000000000000559c       0x92 contiki-sky.a(button-sensor.o)
                0x000000000000559c                irq_p2
                0x000000000000559c                __isr_1
 .text.owreadb  0x000000000000562e       0x52 contiki-sky.a(ds2411.o)
 .text.ds2411_init
                0x0000000000005680      0x122 contiki-sky.a(ds2411.o)
                0x0000000000005680                ds2411_init
 .text.wait_ready
                0x00000000000057a2       0x50 contiki-sky.a(xmem.o)
 .text.xmem_init
                0x00000000000057f2       0x3e contiki-sky.a(xmem.o)
                0x00000000000057f2                xmem_init
 .text.xmem_pread
                0x0000000000005830       0xf2 contiki-sky.a(xmem.o)
                0x0000000000005830                xmem_pread
 .text.node_id_restore
                0x0000000000005922       0x38 contiki-sky.a(node-id.o)
                0x0000000000005922                node_id_restore
 .text.process_thread_sensors_process
                0x000000000000595a       0xbe contiki-sky.a(sensors.o)
 .text.sensors_changed
                0x0000000000005a18       0x2a contiki-sky.a(sensors.o)
                0x0000000000005a18                sensors_changed
 .text.set_object
                0x0000000000005a42        0x4 contiki-sky.a(cc2420.o)
 .text.strobe   0x0000000000005a46       0x20 contiki-sky.a(cc2420.o)
 .text.getreg   0x0000000000005a66       0x54 contiki-sky.a(cc2420.o)
 .text.setreg   0x0000000000005aba       0x52 contiki-sky.a(cc2420.o)
 .text.write_ram
                0x0000000000005b0c       0x80 contiki-sky.a(cc2420.o)
 .text.write_fifo_buf
                0x0000000000005b8c       0x40 contiki-sky.a(cc2420.o)
 .text.get_status
                0x0000000000005bcc       0x24 contiki-sky.a(cc2420.o)
 .text.set_txpower
                0x0000000000005bf0       0x26 contiki-sky.a(cc2420.o)
 .text.cc2420_receiving_packet
                0x0000000000005c16        0xe contiki-sky.a(cc2420.o)
 .text.pending_packet
                0x0000000000005c24        0x8 contiki-sky.a(cc2420.o)
 .text.on       0x0000000000005c2c       0x2e contiki-sky.a(cc2420.o)
 .text.wait_for_transmission
                0x0000000000005c5a       0x22 contiki-sky.a(cc2420.o)
 .text.wait_for_status
                0x0000000000005c7c       0x2a contiki-sky.a(cc2420.o)
 .text.getrxdata
                0x0000000000005ca6       0x56 contiki-sky.a(cc2420.o)
 .text.flushrx  0x0000000000005cfc       0x1a contiki-sky.a(cc2420.o)
 .text.off      0x0000000000005d16       0x62 contiki-sky.a(cc2420.o)
 .text.RELEASE_LOCK
                0x0000000000005d78       0x28 contiki-sky.a(cc2420.o)
 .text.set_key  0x0000000000005da0       0x18 contiki-sky.a(cc2420.o)
 .text.set_frame_filtering
                0x0000000000005db8       0x30 contiki-sky.a(cc2420.o)
 .text.set_auto_ack
                0x0000000000005de8       0x30 contiki-sky.a(cc2420.o)
 .text.set_poll_mode
                0x0000000000005e18       0x36 contiki-sky.a(cc2420.o)
 .text.cc2420_prepare
                0x0000000000005e4e       0x3c contiki-sky.a(cc2420.o)
 .text.get_object
                0x0000000000005e8a       0x24 contiki-sky.a(cc2420.o)
 .text.cc2420_on
                0x0000000000005eae       0x22 contiki-sky.a(cc2420.o)
                0x0000000000005eae                cc2420_on
 .text.cc2420_off
                0x0000000000005ed0       0x30 contiki-sky.a(cc2420.o)
                0x0000000000005ed0                cc2420_off
 .text.cc2420_cca
                0x0000000000005f00       0x5e contiki-sky.a(cc2420.o)
 .text.cc2420_read
                0x0000000000005f5e       0xc0 contiki-sky.a(cc2420.o)
 .text.process_thread_cc2420_process
                0x000000000000601e       0x58 contiki-sky.a(cc2420.o)
 .text.encrypt  0x0000000000006076       0x8e contiki-sky.a(cc2420.o)
 .text.init_security
                0x0000000000006104       0x16 contiki-sky.a(cc2420.o)
                0x0000000000006104                init_security
 .text.cc2420_set_channel
                0x000000000000611a       0x3c contiki-sky.a(cc2420.o)
                0x000000000000611a                cc2420_set_channel
 .text.cc2420_set_pan_addr
                0x0000000000006156       0x4c contiki-sky.a(cc2420.o)
                0x0000000000006156                cc2420_set_pan_addr
 .text.cc2420_interrupt
                0x00000000000061a2       0x18 contiki-sky.a(cc2420.o)
                0x00000000000061a2                cc2420_interrupt
 .text.cc2420_set_txpower
                0x00000000000061ba        0xe contiki-sky.a(cc2420.o)
                0x00000000000061ba                cc2420_set_txpower
 .text.cc2420_get_txpower
                0x00000000000061c8       0x1e contiki-sky.a(cc2420.o)
                0x00000000000061c8                cc2420_get_txpower
 .text.cc2420_transmit
                0x00000000000061e6      0x144 contiki-sky.a(cc2420.o)
 .text.cc2420_send
                0x000000000000632a       0x12 contiki-sky.a(cc2420.o)
 .text.cc2420_rssi
                0x000000000000633c       0x4c contiki-sky.a(cc2420.o)
                0x000000000000633c                cc2420_rssi
 .text.get_value
                0x0000000000006388      0x108 contiki-sky.a(cc2420.o)
 .text.cc2420_set_cca_threshold
                0x0000000000006490       0x16 contiki-sky.a(cc2420.o)
                0x0000000000006490                cc2420_set_cca_threshold
 .text.set_value
                0x00000000000064a6       0xba contiki-sky.a(cc2420.o)
 .text.cc2420_init
                0x0000000000006560       0xe0 contiki-sky.a(cc2420.o)
                0x0000000000006560                cc2420_init
 .text.cc2420_port1_interrupt
                0x0000000000006640       0x6a contiki-sky.a(cc2420-arch.o)
                0x0000000000006640                __isr_4
                0x0000000000006640                cc2420_port1_interrupt
 .text.cc2420_arch_init
                0x00000000000066aa       0x1a contiki-sky.a(cc2420-arch.o)
                0x00000000000066aa                cc2420_arch_init
 .text.handle_rxdma_timer
                0x00000000000066c4       0x3a contiki-sky.a(uart1.o)
 .text.uart1_active
                0x00000000000066fe       0x1a contiki-sky.a(uart1.o)
                0x00000000000066fe                uart1_active
 .text.uart1_set_input
                0x0000000000006718       0x20 contiki-sky.a(uart1.o)
                0x0000000000006718                uart1_set_input
 .text.uart1_writeb
                0x0000000000006738       0x1a contiki-sky.a(uart1.o)
                0x0000000000006738                uart1_writeb
 .text.uart1_init
                0x0000000000006752       0xf8 contiki-sky.a(uart1.o)
                0x0000000000006752                uart1_init
 .text.putchar  0x000000000000684a       0x10 contiki-sky.a(uart1-putchar.o)
                0x000000000000684a                putchar
 .text.msp430_add_lpm_req
                0x000000000000685a        0xc contiki-sky.a(msp430.o)
                0x000000000000685a                msp430_add_lpm_req
 .text.msp430_cpu_init
                0x0000000000006866       0x2a contiki-sky.a(msp430.o)
                0x0000000000006866                msp430_cpu_init
 .text.splhigh_
                0x0000000000006890        0x8 contiki-sky.a(msp430.o)
                0x0000000000006890                splhigh_
 .text.clock_get_rate
                0x0000000000006898       0x5a contiki-sky.a(clock.o)
                0x0000000000006898                clock_get_rate
 .text.timera0  0x00000000000068f2       0x72 contiki-sky.a(clock.o)
                0x00000000000068f2                __isr_6
                0x00000000000068f2                timera0
 .text.timera1  0x0000000000006964      0x13a contiki-sky.a(clock.o)
                0x0000000000006964                __isr_5
                0x0000000000006964                timera1
 .text.timerb1  0x0000000000006a9e      0x1aa contiki-sky.a(clock.o)
                0x0000000000006a9e                timerb1
                0x0000000000006a9e                __isr_12
 .text.clock_delay
                0x0000000000006c48        0xc contiki-sky.a(clock.o)
                0x0000000000006c48                clock_delay
 .text.clock_time
                0x0000000000006c54       0x1a contiki-sky.a(clock.o)
                0x0000000000006c54                clock_time
 .text.msp430_sync_dco
                0x0000000000006c6e       0x5c contiki-sky.a(clock.o)
                0x0000000000006c6e                msp430_sync_dco
 .text.clock_init
                0x0000000000006cca       0x9a contiki-sky.a(clock.o)
                0x0000000000006cca                clock_init
 .text.show_leds
                0x0000000000006d64      0x10e contiki-sky.a(leds.o)
 .text.leds_init
                0x0000000000006e72        0xa contiki-sky.a(leds.o)
                0x0000000000006e72                leds_init
 .text.leds_on  0x0000000000006e7c        0xa contiki-sky.a(leds.o)
                0x0000000000006e7c                leds_on
 .text.leds_off
                0x0000000000006e86        0xe contiki-sky.a(leds.o)
                0x0000000000006e86                leds_off
 .text.leds_arch_init
                0x0000000000006e94        0xe contiki-sky.a(leds-arch.o)
                0x0000000000006e94                leds_arch_init
 .text.leds_arch_set
                0x0000000000006ea2       0x3a contiki-sky.a(leds-arch.o)
                0x0000000000006ea2                leds_arch_set
 .text.watchdog_interrupt
                0x0000000000006edc        0x6 contiki-sky.a(watchdog.o)
                0x0000000000006edc                __isr_10
                0x0000000000006edc                watchdog_interrupt
 .text.watchdog_start
                0x0000000000006ee2       0x14 contiki-sky.a(watchdog.o)
                0x0000000000006ee2                watchdog_start
 .text.watchdog_periodic
                0x0000000000006ef6       0x12 contiki-sky.a(watchdog.o)
                0x0000000000006ef6                watchdog_periodic
 .text.watchdog_stop
                0x0000000000006f08       0x16 contiki-sky.a(watchdog.o)
                0x0000000000006f08                watchdog_stop
 .text.watchdog_init
                0x0000000000006f1e       0x14 contiki-sky.a(watchdog.o)
                0x0000000000006f1e                watchdog_init
 .text.rtimer_init
                0x0000000000006f32       0x64 contiki-sky.a(rtimer.o)
                0x0000000000006f32                rtimer_init
 .text.rtimer_lf_update
                0x0000000000006f96      0x1da contiki-sky.a(rtimer.o)
                0x0000000000006f96                rtimer_lf_update
 .text.rtimer_lf_overflow
                0x0000000000007170       0x16 contiki-sky.a(rtimer.o)
                0x0000000000007170                rtimer_lf_overflow
 .text.rtimer_now
                0x0000000000007186        0xc contiki-sky.a(rtimer.o)
                0x0000000000007186                rtimer_now
 .text.rtimer_stamps_to_now
                0x0000000000007192       0x88 contiki-sky.a(rtimer.o)
                0x0000000000007192                rtimer_stamps_to_now
 .text.rtimer_now_fine
                0x000000000000721a       0x5a contiki-sky.a(rtimer.o)
                0x000000000000721a                rtimer_now_fine
 .text.rtimer_coarse_now
                0x0000000000007274        0xa contiki-sky.a(rtimer.o)
                0x0000000000007274                rtimer_coarse_now
 .text.rtimer_fine_offset
                0x000000000000727e        0xa contiki-sky.a(rtimer.o)
                0x000000000000727e                rtimer_fine_offset
 .text.rtimer_avg_rate
                0x0000000000007288        0xa contiki-sky.a(rtimer.o)
                0x0000000000007288                rtimer_avg_rate
 .text.rtimer_set_avg_rate
                0x0000000000007292        0xa contiki-sky.a(rtimer.o)
                0x0000000000007292                rtimer_set_avg_rate
 .text.rtimer_update_offset
                0x000000000000729c       0xac contiki-sky.a(rtimer.o)
                0x000000000000729c                rtimer_update_offset
 .text.rtimer_estimate_offset
                0x0000000000007348       0x9c contiki-sky.a(rtimer.o)
                0x0000000000007348                rtimer_estimate_offset
 .text.rtimer_hwdate_to_lgdate
                0x00000000000073e4       0x3c contiki-sky.a(rtimer.o)
                0x00000000000073e4                rtimer_hwdate_to_lgdate
 .text.rtimer_lgdates_to_lg_interval
                0x0000000000007420       0x78 contiki-sky.a(rtimer.o)
                0x0000000000007420                rtimer_lgdates_to_lg_interval
 .text.rtimer_lginterval_to_hwdate
                0x0000000000007498      0x188 contiki-sky.a(rtimer.o)
                0x0000000000007498                rtimer_lginterval_to_hwdate
 .text.rtimer_lgdate_to_hwdate
                0x0000000000007620       0x8c contiki-sky.a(rtimer.o)
                0x0000000000007620                rtimer_lgdate_to_hwdate
 .text.rtimer_schedule
                0x00000000000076ac      0x344 contiki-sky.a(rtimer.o)
                0x00000000000076ac                rtimer_schedule
 .text.rtimer_adjust_fine_offset
                0x00000000000079f0      0x102 contiki-sky.a(rtimer.o)
                0x00000000000079f0                rtimer_adjust_fine_offset
 .text.rtimer_sync_send
                0x0000000000007af2       0xb8 contiki-sky.a(rtimer.o)
                0x0000000000007af2                rtimer_sync_send
 .text.rtimer_diff
                0x0000000000007baa        0x6 contiki-sky.a(rtimer.o)
                0x0000000000007baa                rtimer_diff
 .text.autostart_start
                0x0000000000007bb0       0x16 contiki-sky.a(autostart.o)
                0x0000000000007bb0                autostart_start
 .text.energest_init
                0x0000000000007bc6       0x28 contiki-sky.a(energest.o)
                0x0000000000007bc6                energest_init
 .text.energest_type_time
                0x0000000000007bee       0x46 contiki-sky.a(energest.o)
                0x0000000000007bee                energest_type_time
 .text.energest_type_set
                0x0000000000007c34        0xe contiki-sky.a(energest.o)
                0x0000000000007c34                energest_type_set
 .text.energest_flush
                0x0000000000007c42       0x48 contiki-sky.a(energest.o)
                0x0000000000007c42                energest_flush
 .text.process_thread_ctimer_process
                0x0000000000007c8a       0xa4 contiki-sky.a(ctimer.o)
 .text.ctimer_init
                0x0000000000007d2e       0x18 contiki-sky.a(ctimer.o)
                0x0000000000007d2e                ctimer_init
 .text.ctimer_set_with_process
                0x0000000000007d46       0x4e contiki-sky.a(ctimer.o)
                0x0000000000007d46                ctimer_set_with_process
 .text.ctimer_set
                0x0000000000007d94       0x10 contiki-sky.a(ctimer.o)
                0x0000000000007d94                ctimer_set
 .text.ctimer_reset
                0x0000000000007da4       0x30 contiki-sky.a(ctimer.o)
                0x0000000000007da4                ctimer_reset
 .text.ctimer_stop
                0x0000000000007dd4       0x28 contiki-sky.a(ctimer.o)
                0x0000000000007dd4                ctimer_stop
 .text.update_time
                0x0000000000007dfc       0x78 contiki-sky.a(etimer.o)
 .text.etimer_request_poll
                0x0000000000007e74        0xa contiki-sky.a(etimer.o)
                0x0000000000007e74                etimer_request_poll
 .text.process_thread_etimer_process
                0x0000000000007e7e       0xc8 contiki-sky.a(etimer.o)
 .text.add_timer
                0x0000000000007f46       0x40 contiki-sky.a(etimer.o)
 .text.etimer_set
                0x0000000000007f86       0x12 contiki-sky.a(etimer.o)
                0x0000000000007f86                etimer_set
 .text.etimer_reset
                0x0000000000007f98       0x12 contiki-sky.a(etimer.o)
                0x0000000000007f98                etimer_reset
 .text.etimer_pending
                0x0000000000007faa        0xc contiki-sky.a(etimer.o)
                0x0000000000007faa                etimer_pending
 .text.etimer_next_expiration_time
                0x0000000000007fb6       0x16 contiki-sky.a(etimer.o)
                0x0000000000007fb6                etimer_next_expiration_time
 .text.etimer_stop
                0x0000000000007fcc       0x3c contiki-sky.a(etimer.o)
                0x0000000000007fcc                etimer_stop
 .text.call_process
                0x0000000000008008       0x4a contiki-sky.a(process.o)
 .text.exit_process
                0x0000000000008052       0x96 contiki-sky.a(process.o)
 .text.do_poll  0x00000000000080e8       0x30 contiki-sky.a(process.o)
 .text.process_alloc_event
                0x0000000000008118        0xe contiki-sky.a(process.o)
                0x0000000000008118                process_alloc_event
 .text.process_init
                0x0000000000008126       0x1c contiki-sky.a(process.o)
                0x0000000000008126                process_init
 .text.process_run
                0x0000000000008142       0x92 contiki-sky.a(process.o)
                0x0000000000008142                process_run
 .text.process_nevents
                0x00000000000081d4        0xe contiki-sky.a(process.o)
                0x00000000000081d4                process_nevents
 .text.process_post
                0x00000000000081e2       0x4e contiki-sky.a(process.o)
                0x00000000000081e2                process_post
 .text.process_post_synch
                0x0000000000008230       0x12 contiki-sky.a(process.o)
                0x0000000000008230                process_post_synch
 .text.process_start
                0x0000000000008242       0x32 contiki-sky.a(process.o)
                0x0000000000008242                process_start
 .text.process_poll
                0x0000000000008274       0x18 contiki-sky.a(process.o)
                0x0000000000008274                process_poll
 .text.timer_set
                0x000000000000828c       0x1c contiki-sky.a(timer.o)
                0x000000000000828c                timer_set
 .text.timer_reset
                0x00000000000082a8        0xe contiki-sky.a(timer.o)
                0x00000000000082a8                timer_reset
 .text.timer_expired
                0x00000000000082b6       0x2a contiki-sky.a(timer.o)
                0x00000000000082b6                timer_expired
 .text.process_thread_serial_line_process
                0x00000000000082e0       0x9c contiki-sky.a(serial-line.o)
 .text.serial_line_input_byte
                0x000000000000837c       0x4a contiki-sky.a(serial-line.o)
                0x000000000000837c                serial_line_input_byte
 .text.serial_line_init
                0x00000000000083c6       0x1c contiki-sky.a(serial-line.o)
                0x00000000000083c6                serial_line_init
 .text.ringbuf_init
                0x00000000000083e2       0x14 contiki-sky.a(ringbuf.o)
                0x00000000000083e2                ringbuf_init
 .text.ringbuf_put
                0x00000000000083f6       0x38 contiki-sky.a(ringbuf.o)
                0x00000000000083f6                ringbuf_put
 .text.ringbuf_get
                0x000000000000842e       0x34 contiki-sky.a(ringbuf.o)
                0x000000000000842e                ringbuf_get
 .text.list_init
                0x0000000000008462        0x6 contiki-sky.a(list.o)
                0x0000000000008462                list_init
 .text.list_head
                0x0000000000008468        0x4 contiki-sky.a(list.o)
                0x0000000000008468                list_head
 .text.list_tail
                0x000000000000846c       0x12 contiki-sky.a(list.o)
                0x000000000000846c                list_tail
 .text.list_remove
                0x000000000000847e       0x34 contiki-sky.a(list.o)
                0x000000000000847e                list_remove
 .text.list_push
                0x00000000000084b2       0x1a contiki-sky.a(list.o)
                0x00000000000084b2                list_push
 .text.list_add
                0x00000000000084cc       0x2a contiki-sky.a(list.o)
                0x00000000000084cc                list_add
 .text.list_length
                0x00000000000084f6       0x10 contiki-sky.a(list.o)
                0x00000000000084f6                list_length
 .text.list_item_next
                0x0000000000008506        0xc contiki-sky.a(list.o)
                0x0000000000008506                list_item_next
 .text.memb_init
                0x0000000000008512       0x36 contiki-sky.a(memb.o)
                0x0000000000008512                memb_init
 .text.memb_alloc
                0x0000000000008548       0x3e contiki-sky.a(memb.o)
                0x0000000000008548                memb_alloc
 .text.memb_free
                0x0000000000008586       0x3a contiki-sky.a(memb.o)
                0x0000000000008586                memb_free
 .text.memb_inmemb
                0x00000000000085c0       0x2e contiki-sky.a(memb.o)
                0x00000000000085c0                memb_inmemb
 .text.random_init
                0x00000000000085ee        0x6 contiki-sky.a(random.o)
                0x00000000000085ee                random_init
 .text.random_rand
                0x00000000000085f4        0x6 contiki-sky.a(random.o)
                0x00000000000085f4                random_rand
 .text.input    0x00000000000085fa        0xe contiki-sky.a(rime.o)
 .text.init     0x0000000000008608        0xe contiki-sky.a(rime.o)
 .text.packet_sent
                0x0000000000008616        0x6 contiki-sky.a(rime.o)
 .text.rime_output
                0x000000000000861c       0x24 contiki-sky.a(rime.o)
                0x000000000000861c                rime_output
 .text.adv_packet_sent
                0x0000000000008640        0x2 contiki-sky.a(broadcast-annou)
 .text.set_timers
                0x0000000000008642       0x4a contiki-sky.a(broadcast-annou)
 .text.send_timer
                0x000000000000868c       0x36 contiki-sky.a(broadcast-annou)
 .text.observer_ba
                0x00000000000086c2        0x6 contiki-sky.a(broadcast-annou)
 .text.send_adv
                0x00000000000086c8       0x9e contiki-sky.a(broadcast-annou)
 .text.adv_packet_received
                0x0000000000008766       0xa0 contiki-sky.a(broadcast-annou)
 .text.broadcast_announcement_init
                0x0000000000008806       0x4c contiki-sky.a(broadcast-annou)
                0x0000000000008806                broadcast_announcement_init
 .text.broadcast_announcement_stop
                0x0000000000008852       0x22 contiki-sky.a(broadcast-annou)
                0x0000000000008852                broadcast_announcement_stop
 .text.adv_packet_dropped
                0x0000000000008874        0x6 contiki-sky.a(polite-announce)
 .text.send_adv
                0x000000000000887a       0xb0 contiki-sky.a(polite-announce)
 .text.observer_pa
                0x000000000000892a       0x16 contiki-sky.a(polite-announce)
 .text.adv_packet_received
                0x0000000000008940       0xa2 contiki-sky.a(polite-announce)
 .text.adv_packet_sent
                0x00000000000089e2       0x3a contiki-sky.a(polite-announce)
 .text.polite_announcement_init
                0x0000000000008a1c       0x46 contiki-sky.a(polite-announce)
                0x0000000000008a1c                polite_announcement_init
 .text.polite_announcement_cancel
                0x0000000000008a62       0x16 contiki-sky.a(polite-announce)
                0x0000000000008a62                polite_announcement_cancel
 .text.polite_announcement_set_interval
                0x0000000000008a78        0xa contiki-sky.a(polite-announce)
                0x0000000000008a78                polite_announcement_set_interval
 .text.abc_open
                0x0000000000008a82       0x26 contiki-sky.a(abc.o)
                0x0000000000008a82                abc_open
 .text.abc_close
                0x0000000000008aa8        0x6 contiki-sky.a(abc.o)
                0x0000000000008aa8                abc_close
 .text.abc_send
                0x0000000000008aae        0x6 contiki-sky.a(abc.o)
                0x0000000000008aae                abc_send
 .text.abc_input
                0x0000000000008ab4        0xe contiki-sky.a(abc.o)
                0x0000000000008ab4                abc_input
 .text.abc_sent
                0x0000000000008ac2       0x10 contiki-sky.a(abc.o)
                0x0000000000008ac2                abc_sent
 .text.announcement_init
                0x0000000000008ad2        0xa contiki-sky.a(announcement.o)
                0x0000000000008ad2                announcement_init
 .text.announcement_register
                0x0000000000008adc       0x3e contiki-sky.a(announcement.o)
                0x0000000000008adc                announcement_register
 .text.announcement_add_value
                0x0000000000008b1a        0x6 contiki-sky.a(announcement.o)
                0x0000000000008b1a                announcement_add_value
 .text.announcement_remove_value
                0x0000000000008b20        0x6 contiki-sky.a(announcement.o)
                0x0000000000008b20                announcement_remove_value
 .text.announcement_bump
                0x0000000000008b26        0xc contiki-sky.a(announcement.o)
                0x0000000000008b26                announcement_bump
 .text.announcement_register_observer_callback
                0x0000000000008b32        0x6 contiki-sky.a(announcement.o)
                0x0000000000008b32                announcement_register_observer_callback
 .text.announcement_heard
                0x0000000000008b38       0x50 contiki-sky.a(announcement.o)
                0x0000000000008b38                announcement_heard
 .text.announcement_list
                0x0000000000008b88        0xa contiki-sky.a(announcement.o)
                0x0000000000008b88                announcement_list
 .text.announcement_set_instr
                0x0000000000008b92        0x6 contiki-sky.a(announcement.o)
                0x0000000000008b92                announcement_set_instr
 .text.announcement_set_degree
                0x0000000000008b98        0x6 contiki-sky.a(announcement.o)
                0x0000000000008b98                announcement_set_degree
 .text.announcement_set_date_coarse
                0x0000000000008b9e        0xa contiki-sky.a(announcement.o)
                0x0000000000008b9e                announcement_set_date_coarse
 .text.announcement_set_date_fine
                0x0000000000008ba8        0xa contiki-sky.a(announcement.o)
                0x0000000000008ba8                announcement_set_date_fine
 .text.announcement_set_ref_addr
                0x0000000000008bb2        0x6 contiki-sky.a(announcement.o)
                0x0000000000008bb2                announcement_set_ref_addr
 .text.announcement_set_cons_rate
                0x0000000000008bb8        0xa contiki-sky.a(announcement.o)
                0x0000000000008bb8                announcement_set_cons_rate
 .text.channel_init
                0x0000000000008bc2        0xa contiki-sky.a(channel.o)
                0x0000000000008bc2                channel_init
 .text.channel_open
                0x0000000000008bcc       0x10 contiki-sky.a(channel.o)
                0x0000000000008bcc                channel_open
 .text.channel_close
                0x0000000000008bdc        0xc contiki-sky.a(channel.o)
                0x0000000000008bdc                channel_close
 .text.channel_lookup
                0x0000000000008be8       0x20 contiki-sky.a(channel.o)
                0x0000000000008be8                channel_lookup
 .text.channel_set_attributes
                0x0000000000008c08       0x24 contiki-sky.a(channel.o)
                0x0000000000008c08                channel_set_attributes
 .text.sent_by_abc
                0x0000000000008c2c       0x10 contiki-sky.a(broadcast.o)
 .text.recv_from_abc
                0x0000000000008c3c       0x26 contiki-sky.a(broadcast.o)
 .text.broadcast_open
                0x0000000000008c62       0x2a contiki-sky.a(broadcast.o)
                0x0000000000008c62                broadcast_open
 .text.broadcast_close
                0x0000000000008c8c        0x6 contiki-sky.a(broadcast.o)
                0x0000000000008c8c                broadcast_close
 .text.broadcast_send
                0x0000000000008c92       0x1a contiki-sky.a(broadcast.o)
                0x0000000000008c92                broadcast_send
 .text.sent     0x0000000000008cac       0x10 contiki-sky.a(ipolite.o)
 .text.send     0x0000000000008cbc       0x32 contiki-sky.a(ipolite.o)
 .text.recv     0x0000000000008cee       0xae contiki-sky.a(ipolite.o)
 .text.ipolite_open
                0x0000000000008d9c       0x24 contiki-sky.a(ipolite.o)
                0x0000000000008d9c                ipolite_open
 .text.ipolite_send
                0x0000000000008dc0       0xa8 contiki-sky.a(ipolite.o)
                0x0000000000008dc0                ipolite_send
 .text.ipolite_cancel
                0x0000000000008e68       0x20 contiki-sky.a(ipolite.o)
                0x0000000000008e68                ipolite_cancel
 .text.chameleon_init
                0x0000000000008e88        0x6 contiki-sky.a(chameleon.o)
                0x0000000000008e88                chameleon_init
 .text.chameleon_parse
                0x0000000000008e8e       0x10 contiki-sky.a(chameleon.o)
                0x0000000000008e8e                chameleon_parse
 .text.chameleon_create
                0x0000000000008e9e       0x1c contiki-sky.a(chameleon.o)
                0x0000000000008e9e                chameleon_create
 .text.chameleon_hdrsize
                0x0000000000008eba        0x6 contiki-sky.a(chameleon.o)
                0x0000000000008eba                chameleon_hdrsize
 .text.input_packet
                0x0000000000008ec0        0x6 contiki-sky.a(csma.o)
 .text.on       0x0000000000008ec6        0x6 contiki-sky.a(csma.o)
 .text.off      0x0000000000008ecc        0x6 contiki-sky.a(csma.o)
 .text.channel_check_interval
                0x0000000000008ed2       0x10 contiki-sky.a(csma.o)
 .text.transmit_packet_list
                0x0000000000008ee2       0x24 contiki-sky.a(csma.o)
 .text.schedule_transmission
                0x0000000000008f06       0x6c contiki-sky.a(csma.o)
 .text.send_packet
                0x0000000000008f72      0x172 contiki-sky.a(csma.o)
 .text.init     0x00000000000090e4       0x1a contiki-sky.a(csma.o)
 .text.tx_done  0x00000000000090fe       0x98 contiki-sky.a(csma.o)
 .text.packet_sent
                0x0000000000009196       0xd2 contiki-sky.a(csma.o)
 .text.mac_call_sent_callback
                0x0000000000009268       0x14 contiki-sky.a(mac.o)
                0x0000000000009268                mac_call_sent_callback
 .text.packet_input
                0x000000000000927c        0xe contiki-sky.a(csyncrdc-framer)
 .text.on       0x000000000000928a        0x6 contiki-sky.a(csyncrdc-framer)
 .text.channel_check_interval
                0x0000000000009290        0x4 contiki-sky.a(csyncrdc-framer)
 .text.init     0x0000000000009294        0x6 contiki-sky.a(csyncrdc-framer)
 .text.send_one_packet
                0x000000000000929a       0x6a contiki-sky.a(csyncrdc-framer)
 .text.send_list
                0x0000000000009304       0x30 contiki-sky.a(csyncrdc-framer)
 .text.send_packet
                0x0000000000009334        0x6 contiki-sky.a(csyncrdc-framer)
 .text.off      0x000000000000933a       0x10 contiki-sky.a(csyncrdc-framer)
 .text.queuebuf_init
                0x000000000000934a       0x12 contiki-sky.a(queuebuf.o)
                0x000000000000934a                queuebuf_init
 .text.queuebuf_new_from_packetbuf
                0x000000000000935c       0x52 contiki-sky.a(queuebuf.o)
                0x000000000000935c                queuebuf_new_from_packetbuf
 .text.queuebuf_update_attr_from_packetbuf
                0x00000000000093ae       0x12 contiki-sky.a(queuebuf.o)
                0x00000000000093ae                queuebuf_update_attr_from_packetbuf
 .text.queuebuf_free
                0x00000000000093c0       0x2a contiki-sky.a(queuebuf.o)
                0x00000000000093c0                queuebuf_free
 .text.queuebuf_to_packetbuf
                0x00000000000093ea       0x32 contiki-sky.a(queuebuf.o)
                0x00000000000093ea                queuebuf_to_packetbuf
 .text.queuebuf_dataptr
                0x000000000000941c       0x1c contiki-sky.a(queuebuf.o)
                0x000000000000941c                queuebuf_dataptr
 .text.queuebuf_datalen
                0x0000000000009438        0x8 contiki-sky.a(queuebuf.o)
                0x0000000000009438                queuebuf_datalen
 .text.queuebuf_attr
                0x0000000000009440        0xe contiki-sky.a(queuebuf.o)
                0x0000000000009440                queuebuf_attr
 .text.packetbuf_hdrreduce
                0x000000000000944e       0x1a contiki-sky.a(packetbuf.o)
                0x000000000000944e                packetbuf_hdrreduce
 .text.packetbuf_set_datalen
                0x0000000000009468        0x6 contiki-sky.a(packetbuf.o)
                0x0000000000009468                packetbuf_set_datalen
 .text.packetbuf_hdrptr
                0x000000000000946e        0x6 contiki-sky.a(packetbuf.o)
                0x000000000000946e                packetbuf_hdrptr
 .text.packetbuf_datalen
                0x0000000000009474        0x6 contiki-sky.a(packetbuf.o)
                0x0000000000009474                packetbuf_datalen
 .text.packetbuf_hdrlen
                0x000000000000947a        0xa contiki-sky.a(packetbuf.o)
                0x000000000000947a                packetbuf_hdrlen
 .text.packetbuf_dataptr
                0x0000000000009484        0xc contiki-sky.a(packetbuf.o)
                0x0000000000009484                packetbuf_dataptr
 .text.packetbuf_copyto
                0x0000000000009490       0x46 contiki-sky.a(packetbuf.o)
                0x0000000000009490                packetbuf_copyto
 .text.packetbuf_compact
                0x00000000000094d6       0x36 contiki-sky.a(packetbuf.o)
                0x00000000000094d6                packetbuf_compact
 .text.packetbuf_totlen
                0x000000000000950c        0xc contiki-sky.a(packetbuf.o)
                0x000000000000950c                packetbuf_totlen
 .text.packetbuf_hdralloc
                0x0000000000009518       0x3a contiki-sky.a(packetbuf.o)
                0x0000000000009518                packetbuf_hdralloc
 .text.packetbuf_attr_clear
                0x0000000000009552       0x2c contiki-sky.a(packetbuf.o)
                0x0000000000009552                packetbuf_attr_clear
 .text.packetbuf_clear
                0x000000000000957e       0x12 contiki-sky.a(packetbuf.o)
                0x000000000000957e                packetbuf_clear
 .text.packetbuf_copyfrom
                0x0000000000009590       0x2e contiki-sky.a(packetbuf.o)
                0x0000000000009590                packetbuf_copyfrom
 .text.packetbuf_attr_copyto
                0x00000000000095be       0x20 contiki-sky.a(packetbuf.o)
                0x00000000000095be                packetbuf_attr_copyto
 .text.packetbuf_attr_copyfrom
                0x00000000000095de       0x22 contiki-sky.a(packetbuf.o)
                0x00000000000095de                packetbuf_attr_copyfrom
 .text.packetbuf_holds_broadcast
                0x0000000000009600        0xe contiki-sky.a(packetbuf.o)
                0x0000000000009600                packetbuf_holds_broadcast
 .text.linkaddr_copy
                0x000000000000960e        0xc contiki-sky.a(linkaddr.o)
                0x000000000000960e                linkaddr_copy
 .text.linkaddr_cmp
                0x000000000000961a       0x12 contiki-sky.a(linkaddr.o)
                0x000000000000961a                linkaddr_cmp
 .text.linkaddr_set_node_addr
                0x000000000000962c        0xc contiki-sky.a(linkaddr.o)
                0x000000000000962c                linkaddr_set_node_addr
 .text.input    0x0000000000009638       0x3e contiki-sky.a(nullsec.o)
 .text.send     0x0000000000009676       0x4e contiki-sky.a(nullsec.o)
 .text.init     0x00000000000096c4       0x70 contiki-sky.a(nullsec.o)
 .text.gtsp_recv
                0x0000000000009734      0x5ec contiki-sky.a(gtsp.o)
                0x0000000000009734                gtsp_recv
 .text.ftsp_update_rtimer
                0x0000000000009d20       0x12 contiki-sky.a(gtsp.o)
                0x0000000000009d20                ftsp_update_rtimer
 .text.linear_regression
                0x0000000000009d32      0x230 contiki-sky.a(ftsp.o)
                0x0000000000009d32                linear_regression
 .text.is_synced
                0x0000000000009f62        0xc contiki-sky.a(ftsp.o)
                0x0000000000009f62                is_synced
 .text.add_to_regression_table
                0x0000000000009f6e       0xd2 contiki-sky.a(ftsp.o)
                0x0000000000009f6e                add_to_regression_table
 .text.received_discovery_announcement
                0x000000000000a040       0x54 contiki-sky.a(received_discov)
                0x000000000000a040                received_discovery_announcement
 .text.spi_init
                0x000000000000a094       0x32 contiki-sky.a(spi.o)
                0x000000000000a094                spi_init
 .text.get_bits_in_byte
                0x000000000000a0c6       0x3a contiki-sky.a(chameleon-bitop)
 .text.header_size
                0x000000000000a100       0x16 contiki-sky.a(chameleon-bitop)
 .text.get_bits
                0x000000000000a116       0xa4 contiki-sky.a(chameleon-bitop)
                0x000000000000a116                get_bits
 .text.unpack_header
                0x000000000000a1ba       0xdc contiki-sky.a(chameleon-bitop)
 .text.set_bits
                0x000000000000a296      0x116 contiki-sky.a(chameleon-bitop)
                0x000000000000a296                set_bits
 .text.pack_header
                0x000000000000a3ac       0xc4 contiki-sky.a(chameleon-bitop)
 .text.parse    0x000000000000a470       0xb0 contiki-sky.a(framer-802154.o)
 .text.create_frame.isra.0
                0x000000000000a520      0x114 contiki-sky.a(framer-802154.o)
 .text.create   0x000000000000a634        0x8 contiki-sky.a(framer-802154.o)
 .text.hdr_length
                0x000000000000a63c        0x8 contiki-sky.a(framer-802154.o)
 .text.frame802154_get_pan_id
                0x000000000000a644        0x6 contiki-sky.a(frame802154.o)
                0x000000000000a644                frame802154_get_pan_id
 .text.frame802154_has_panid
                0x000000000000a64a       0xdc contiki-sky.a(frame802154.o)
                0x000000000000a64a                frame802154_has_panid
 .text.field_len
                0x000000000000a726       0xb2 contiki-sky.a(frame802154.o)
 .text.frame802154_is_broadcast_addr
                0x000000000000a7d8       0x24 contiki-sky.a(frame802154.o)
                0x000000000000a7d8                frame802154_is_broadcast_addr
 .text.frame802154_hdrlen
                0x000000000000a7fc       0x32 contiki-sky.a(frame802154.o)
                0x000000000000a7fc                frame802154_hdrlen
 .text.frame802154_create_fcf
                0x000000000000a82e       0x96 contiki-sky.a(frame802154.o)
                0x000000000000a82e                frame802154_create_fcf
 .text.frame802154_create
                0x000000000000a8c4       0xe4 contiki-sky.a(frame802154.o)
                0x000000000000a8c4                frame802154_create
 .text.frame802154_parse_fcf
                0x000000000000a9a8       0xbe contiki-sky.a(frame802154.o)
                0x000000000000a9a8                frame802154_parse_fcf
 .text.frame802154_parse
                0x000000000000aa66      0x18c contiki-sky.a(frame802154.o)
                0x000000000000aa66                frame802154_parse
 .text.libgcc   0x000000000000abf2       0x2c /usr/lib/gcc/msp430/4.6.3/mmpy-16/libgcc.a(_mulsi3.o)
                0x000000000000abf2                __mulsi3
 .text.libgcc   0x000000000000ac1e       0x40 /usr/lib/gcc/msp430/4.6.3/mmpy-16/libgcc.a(_udivmod32.o)
                0x000000000000ac1e                __udivsi3
                0x000000000000ac1e                __ext_udivmod32
                0x000000000000ac54                __umodsi3
 .text.libgcc   0x000000000000ac5e       0x4c /usr/lib/gcc/msp430/4.6.3/mmpy-16/libgcc.a(_divmod32.o)
                0x000000000000ac5e                __ext_divmod32
                0x000000000000ac5e                __divsi3
                0x000000000000aca0                __modsi3
 .text          0x000000000000acaa       0x42 /usr/lib/gcc/msp430/4.6.3/mmpy-16/libgcc.a(_fixunssfsi.o)
                0x000000000000acaa                __fixunssfsi
 .text          0x000000000000acec      0x32e /usr/lib/gcc/msp430/4.6.3/mmpy-16/libgcc.a(_addsub_sf.o)
                0x000000000000af7e                __addsf3
                0x000000000000afca                __subsf3
 .text          0x000000000000b01a      0x224 /usr/lib/gcc/msp430/4.6.3/mmpy-16/libgcc.a(_mul_sf.o)
                0x000000000000b01a                __mulsf3
 .text          0x000000000000b23e      0x150 /usr/lib/gcc/msp430/4.6.3/mmpy-16/libgcc.a(_div_sf.o)
                0x000000000000b23e                __divsf3
 .text          0x000000000000b38e       0x50 /usr/lib/gcc/msp430/4.6.3/mmpy-16/libgcc.a(_gt_sf.o)
                0x000000000000b38e                __gtsf2
 .text          0x000000000000b3de       0x50 /usr/lib/gcc/msp430/4.6.3/mmpy-16/libgcc.a(_ge_sf.o)
                0x000000000000b3de                __gesf2
 .text          0x000000000000b42e       0x50 /usr/lib/gcc/msp430/4.6.3/mmpy-16/libgcc.a(_lt_sf.o)
                0x000000000000b42e                __ltsf2
 .text          0x000000000000b47e       0xa6 /usr/lib/gcc/msp430/4.6.3/mmpy-16/libgcc.a(_si_to_sf.o)
                0x000000000000b47e                __floatsisf
 .text          0x000000000000b524       0x90 /usr/lib/gcc/msp430/4.6.3/mmpy-16/libgcc.a(_sf_to_si.o)
                0x000000000000b524                __fixsfsi
 .text          0x000000000000b5b4       0xe2 /usr/lib/gcc/msp430/4.6.3/mmpy-16/libgcc.a(_usi_to_sf.o)
                0x000000000000b5b4                __floatunsisf
 .text          0x000000000000b696       0x72 /usr/lib/gcc/msp430/4.6.3/mmpy-16/libgcc.a(_clzsi2.o)
                0x000000000000b696                __clzsi2
 .text          0x000000000000b708      0x1de /usr/lib/gcc/msp430/4.6.3/mmpy-16/libgcc.a(_pack_sf.o)
                0x000000000000b708                __pack_f
 .text          0x000000000000b8e6      0x124 /usr/lib/gcc/msp430/4.6.3/mmpy-16/libgcc.a(_unpack_sf.o)
                0x000000000000b8e6                __unpack_f
 .text          0x000000000000ba0a       0xa4 /usr/lib/gcc/msp430/4.6.3/mmpy-16/libgcc.a(_fpcmp_parts_sf.o)
                0x000000000000ba0a                __fpcmp_parts_f
 .text          0x000000000000baae       0x20 /usr/lib/gcc/msp430/4.6.3/../../../../msp430/lib/mmpy-16/libc.a(memcmp.o)
                0x000000000000baae                memcmp
 .text          0x000000000000bace       0xfa /usr/lib/gcc/msp430/4.6.3/../../../../msp430/lib/mmpy-16/libc.a(memcpy.o)
                0x000000000000bace                memcpy
 .text          0x000000000000bbc8       0x6a /usr/lib/gcc/msp430/4.6.3/../../../../msp430/lib/mmpy-16/libc.a(memset.o)
                0x000000000000bbc8                memset
 .text          0x000000000000bc32       0x1e /usr/lib/gcc/msp430/4.6.3/../../../../msp430/lib/mmpy-16/libc.a(printf.o)
                0x000000000000bc32                printf
                0x000000000000bc42                vprintf
 .text          0x000000000000bc50      0x836 /usr/lib/gcc/msp430/4.6.3/../../../../msp430/lib/mmpy-16/libc.a(vuprintf.o)
                0x000000000000bde8                vuprintf
 .text          0x000000000000c486       0x2c /usr/lib/gcc/msp430/4.6.3/../../../../msp430/lib/mmpy-16/libc.a(puts.o)
                0x000000000000c486                puts
 .text          0x000000000000c4b2       0x54 /usr/lib/gcc/msp430/4.6.3/../../../../msp430/lib/mmpy-16/libc.a(rand.o)
                0x000000000000c4b2                rand_r
                0x000000000000c4d6                rand
                0x000000000000c4fc                srand
 .text.libgcc   0x000000000000c506       0x22 /usr/lib/gcc/msp430/4.6.3/mmpy-16/libgcc.a(_udivmod16.o)
                0x000000000000c506                __udivhi3
                0x000000000000c506                __ext_udivmod16
                0x000000000000c520                __umodhi3
 .text.libgcc   0x000000000000c528       0xf0 /usr/lib/gcc/msp430/4.6.3/mmpy-16/libgcc.a(_udivmod64.o)
                0x000000000000c528                __xabi_udivmod64
                0x000000000000c586                __udivdi3
                0x000000000000c5ac                __umoddi3
                0x000000000000c5da                __udivmoddi4
 .text.crt0     0x000000000000c618        0x2 /usr/lib/gcc/msp430/4.6.3/mmpy-16/libcrt0.a(_unexpected_.o)
                0x000000000000c618                _unexpected_
                0x000000000000c61a                . = ALIGN (0x2)

.rodata         0x000000000000c61a      0x598
                0x000000000000c61a                . = ALIGN (0x2)
 *(.rodata .rodata.* .gnu.linkonce.r.*)
 .rodata        0x000000000000c61a      0x16a c-sync.co
                0x000000000000c762                autostart_processes
 .rodata        0x000000000000c784       0x93 obj_sky/contiki-sky-main.o
 .rodata        0x000000000000c817       0x76 contiki-sky.a(powertrace.o)
 *fill*         0x000000000000c88d        0x1 00
 .rodata        0x000000000000c88e       0x10 contiki-sky.a(button-sensor.o)
                0x000000000000c896                button_sensor
 .rodata        0x000000000000c89e        0x8 contiki-sky.a(sensors.o)
 .rodata        0x000000000000c8a6       0x70 contiki-sky.a(cc2420.o)
                0x000000000000c8d8                cc2420_aes_128_driver
                0x000000000000c8dc                cc2420_driver
 .rodata        0x000000000000c916       0x16 contiki-sky.a(rtimer.o)
 .rodata        0x000000000000c92c        0xf contiki-sky.a(ctimer.o)
 .rodata        0x000000000000c93b        0xc contiki-sky.a(etimer.o)
 .rodata        0x000000000000c947        0xe contiki-sky.a(serial-line.o)
 *fill*         0x000000000000c955        0x1 00
 .rodata        0x000000000000c956        0xc contiki-sky.a(rime.o)
                0x000000000000c95c                rime_driver
 .rodata        0x000000000000c962        0x4 contiki-sky.a(broadcast-annou)
 .rodata        0x000000000000c966        0x6 contiki-sky.a(polite-announce)
 .rodata        0x000000000000c96c        0x2 contiki-sky.a(abc.o)
 .rodata        0x000000000000c96e        0xe contiki-sky.a(broadcast.o)
 .rodata        0x000000000000c97c        0x4 contiki-sky.a(ipolite.o)
 .rodata        0x000000000000c980       0x14 contiki-sky.a(csma.o)
                0x000000000000c986                csma_driver
 .rodata        0x000000000000c994       0x20 contiki-sky.a(csyncrdc-framer)
                0x000000000000c9a4                csyncrdc_framer_driver
 .rodata        0x000000000000c9b4        0x2 contiki-sky.a(linkaddr.o)
                0x000000000000c9b4                linkaddr_null
 .rodata        0x000000000000c9b6       0x10 contiki-sky.a(nullsec.o)
                0x000000000000c9be                nullsec_driver
 .rodata        0x000000000000c9c6       0x1c contiki-sky.a(gtsp.o)
 .rodata        0x000000000000c9e2       0xa8 contiki-sky.a(ftsp.o)
 .rodata        0x000000000000ca8a       0x10 contiki-sky.a(chameleon-bitop)
                0x000000000000ca8a                chameleon_bitopt
 .rodata        0x000000000000ca9a        0x6 contiki-sky.a(framer-802154.o)
                0x000000000000ca9a                framer_802154
 .rodata        0x000000000000caa0        0x2 contiki-sky.a(frame802154.o)
 .rodata        0x000000000000caa2        0x8 /usr/lib/gcc/msp430/4.6.3/mmpy-16/libgcc.a(_thenan_sf.o)
                0x000000000000caa2                __thenan_sf
 .rodata        0x000000000000caaa      0x100 /usr/lib/gcc/msp430/4.6.3/mmpy-16/libgcc.a(_clz.o)
                0x000000000000caaa                __clz_tab
 .rodata        0x000000000000cbaa        0x7 /usr/lib/gcc/msp430/4.6.3/../../../../msp430/lib/mmpy-16/libc.a(vuprintf.o)
                0x000000000000cbb2                . = ALIGN (0x2)
 *fill*         0x000000000000cbb1        0x1 00
                0x000000000000cbb2                _etext = .

.data           0x0000000000001100       0xb4 load address 0x000000000000cbb2
                0x0000000000001100                . = ALIGN (0x2)
                0x0000000000001100                PROVIDE (__data_start, .)
 *(.data .data.* .gnu.linkonce.d.*)
 .data          0x0000000000001100       0x3c c-sync.co
                0x0000000000001100                c_gtsp_process
 .data          0x000000000000113c        0x4 contiki-sky.a(contiki-sky-pla)
                0x000000000000113c                sensors
 .data          0x0000000000001140        0xa contiki-sky.a(sensors.o)
                0x0000000000001140                sensors_process
 .data          0x000000000000114a        0xc contiki-sky.a(cc2420.o)
                0x000000000000114a                cc2420_process
 .data          0x0000000000001156        0x2 contiki-sky.a(msp430.o)
 .data          0x0000000000001158        0xa contiki-sky.a(ctimer.o)
                0x0000000000001158                ctimer_process
 .data          0x0000000000001162        0xa contiki-sky.a(etimer.o)
                0x0000000000001162                etimer_process
 .data          0x000000000000116c        0xa contiki-sky.a(serial-line.o)
                0x000000000000116c                serial_line_process
 .data          0x0000000000001176       0x18 contiki-sky.a(csma.o)
 .data          0x000000000000118e       0x10 contiki-sky.a(queuebuf.o)
 .data          0x000000000000119e       0x10 contiki-sky.a(nullsec.o)
 .data          0x00000000000011ae        0x2 contiki-sky.a(frame802154.o)
 .data          0x00000000000011b0        0x4 /usr/lib/gcc/msp430/4.6.3/../../../../msp430/lib/mmpy-16/libc.a(rand.o)
                0x00000000000011b4                . = ALIGN (0x2)
                0x00000000000011b4                _edata = .
                0x000000000000cbb2                PROVIDE (__data_load_start, LOADADDR (.data))
                0x00000000000000b4                PROVIDE (__data_size, SIZEOF (.data))

.bss            0x00000000000011b4     0x21f2 load address 0x000000000000cc66
                0x00000000000011b4                PROVIDE (__bss_start, .)
 *(.bss .bss.*)
 .bss           0x00000000000011b4      0xee0 c-sync.co
 .bss           0x0000000000002094        0x4 obj_sky/contiki-sky-main.o
 .bss           0x0000000000002098       0x24 contiki-sky.a(powertrace.o)
 .bss           0x00000000000020bc        0x8 contiki-sky.a(button-sensor.o)
 .bss           0x00000000000020c4        0x2 contiki-sky.a(node-id.o)
                0x00000000000020c4                node_id
 .bss           0x00000000000020c6        0x6 contiki-sky.a(sensors.o)
 .bss           0x00000000000020cc        0xa contiki-sky.a(cc2420.o)
 .bss           0x00000000000020d6       0x9a contiki-sky.a(uart1.o)
 .bss           0x0000000000002170        0x8 contiki-sky.a(clock.o)
 .bss           0x0000000000002178        0x1 contiki-sky.a(leds.o)
 *fill*         0x0000000000002179        0x1 00
 .bss           0x000000000000217a        0x2 contiki-sky.a(watchdog.o)
 .bss           0x000000000000217c       0x1a contiki-sky.a(rtimer.o)
 .bss           0x0000000000002196        0x4 contiki-sky.a(ctimer.o)
 .bss           0x000000000000219a        0x6 contiki-sky.a(etimer.o)
 .bss           0x00000000000021a0       0x38 contiki-sky.a(process.o)
                0x00000000000021a0                process_current
                0x00000000000021a2                process_list
 .bss           0x00000000000021d8      0x10a contiki-sky.a(serial-line.o)
 .bss           0x00000000000022e2       0x40 contiki-sky.a(broadcast-annou)
 .bss           0x0000000000002322       0x32 contiki-sky.a(polite-announce)
 .bss           0x0000000000002354        0x4 contiki-sky.a(announcement.o)
 .bss           0x0000000000002358        0x2 contiki-sky.a(channel.o)
 .bss           0x000000000000235a      0x124 contiki-sky.a(csma.o)
 .bss           0x000000000000247e      0xc80 contiki-sky.a(queuebuf.o)
 .bss           0x00000000000030fe       0x86 contiki-sky.a(packetbuf.o)
 .bss           0x0000000000003184       0x12 contiki-sky.a(nullsec.o)
 .bss           0x0000000000003196        0x4 contiki-sky.a(gtsp.o)
 .bss           0x000000000000319a       0x70 contiki-sky.a(ftsp.o)
 .bss           0x000000000000320a        0x2 contiki-sky.a(framer-802154.o)
 *(COMMON)
 COMMON         0x000000000000320c       0xda c-sync.co
                0x000000000000320c                my_cons_slot
                0x000000000000320e                ref_n_CHB_addr
                0x0000000000003210                synchronization_announcement
                0x0000000000003228                my_cluster
                0x0000000000003236                my_sync_border
                0x0000000000003238                clock_priority
                0x000000000000323a                my_degree
                0x000000000000323c                revelation_announcement
                0x0000000000003254                declaration_announcement
                0x000000000000326c                rtimer_coarse_schedule_ref
                0x0000000000003270                cons_ctrl_counter
                0x0000000000003271                my_proactive_slot
                0x0000000000003272                my_addr
                0x0000000000003274                this_sync_slot
                0x0000000000003275                msg_count
                0x0000000000003276                my_slot_ack
                0x0000000000003278                rt
                0x00000000000032a8                rtimer_fine_schedule_ref
                0x00000000000032ac                ref_n_CHB_degree
                0x00000000000032ae                my_state
                0x00000000000032b0                my_placing
                0x00000000000032b2                convergence_announcement
                0x00000000000032ca                discovery_announcement
                0x00000000000032e2                synced_counter
                0x00000000000032e4                clock_state
 COMMON         0x00000000000032e6        0x2 contiki-sky.a(contiki-sky-pla)
                0x00000000000032e6                sensors_flags
 COMMON         0x00000000000032e8        0x8 contiki-sky.a(ds2411.o)
                0x00000000000032e8                ds2411_id
 COMMON         0x00000000000032f0        0x1 contiki-sky.a(sensors.o)
                0x00000000000032f0                sensors_event
 *fill*         0x00000000000032f1        0x1 00
 COMMON         0x00000000000032f2       0x10 contiki-sky.a(cc2420.o)
                0x00000000000032f2                cc2420_last_rssi
                0x00000000000032f4                cc2420_sfd_start_time
                0x00000000000032f6                cc2420_time_of_departure
                0x00000000000032f8                cc2420_time_of_arrival
                0x00000000000032fa                cc2420_last_correlation
                0x00000000000032fc                cc2420_authority_level_of_sender
                0x00000000000032fe                cc2420_sfd_counter
                0x0000000000003300                cc2420_sfd_end_time
 COMMON         0x0000000000003302        0x2 contiki-sky.a(msp430.o)
                0x0000000000003302                msp430_dco_required
 COMMON         0x0000000000003304        0x6 contiki-sky.a(clock.o)
                0x0000000000003304                last_tbcrr0
                0x0000000000003306                last_rate
 COMMON         0x000000000000330a       0x56 contiki-sky.a(energest.o)
                0x000000000000330a                energest_total_time
                0x000000000000333a                energest_total_count
                0x000000000000333c                energest_current_mode
                0x0000000000003348                energest_current_time
 COMMON         0x0000000000003360        0x1 contiki-sky.a(process.o)
                0x0000000000003360                process_maxevents
 COMMON         0x0000000000003361        0x1 contiki-sky.a(serial-line.o)
                0x0000000000003361                serial_line_event_message
 COMMON         0x0000000000003362       0x42 contiki-sky.a(packetbuf.o)
                0x0000000000003362                packetbuf_addrs
                0x000000000000336a                packetbuf_attrs
 COMMON         0x00000000000033a4        0x2 contiki-sky.a(linkaddr.o)
                0x00000000000033a4                linkaddr_node_addr
                0x00000000000033a6                . = ALIGN (0x2)
                0x00000000000033a6                PROVIDE (__bss_end, .)
                0x00000000000021f2                PROVIDE (__bss_size, SIZEOF (.bss))

.noinit         0x00000000000033a6        0x2 load address 0x000000000000cc66
                0x00000000000033a6                PROVIDE (__noinit_start, .)
 *(.noinit .noinit.*)
 .noinit.crt0   0x00000000000033a6        0x2 /usr/lib/gcc/msp430/4.6.3/mmpy-16/libcrt0.a(__watchdog_support.o)
                0x00000000000033a6                __wdt_clear_value
                0x00000000000033a8                . = ALIGN (0x2)
                0x00000000000033a8                PROVIDE (__noinit_end, .)
                0x00000000000033a8                . = ALIGN (0x2)
                0x00000000000033a8                _end = .

.infomem        0x0000000000001000        0x0
 *(.infomem)
                0x0000000000001000                . = ALIGN (0x2)
 *(.infomem.*)

.infomemnobits  0x0000000000001000        0x0
 *(.infomemnobits)
                0x0000000000001000                . = ALIGN (0x2)
 *(.infomemnobits.*)

.infoa
 *(.infoa .infoa.*)

.infob
 *(.infob .infob.*)

.infoc
 *(.infoc .infoc.*)

.infod
 *(.infod .infod.*)

.vectors        0x000000000000ffe0       0x20
                0x000000000000ffe0                PROVIDE (__vectors_start, .)
 *(.vectors*)
 .vectors       0x000000000000ffe0       0x20 /usr/lib/gcc/msp430/4.6.3/mmpy-16/crt0ivtbl16.o
                0x000000000000ffe0                __ivtbl_16
                0x0000000000010000                _vectors_end = .

.fartext        0x0000000000000000        0x0
                0x0000000000000000                . = ALIGN (0x2)
 *(.fartext)
                0x0000000000000000                . = ALIGN (0x2)
 *(.fartext.*)
                0x0000000000000000                _efartext = .

.profiler
 *(.profiler)

.stab           0x0000000000000000    0x20838
 *(.stab)
 .stab          0x0000000000000000     0x2ff4 c-sync.co
 .stab          0x0000000000002ff4     0x1014 obj_sky/contiki-sky-main.o
                                       0x18cc (size before relaxing)
 .stab          0x0000000000004008      0xa38 contiki-sky.a(powertrace.o)
                                       0x186c (size before relaxing)
 .stab          0x0000000000004a40      0x2ac contiki-sky.a(contiki-sky-pla)
                                        0x684 (size before relaxing)
 .stab          0x0000000000004cec      0x9d8 contiki-sky.a(button-sensor.o)
                                       0x1614 (size before relaxing)
 .stab          0x00000000000056c4      0x66c contiki-sky.a(ds2411.o)
                                        0xc0c (size before relaxing)
 .stab          0x0000000000005d30      0xd50 contiki-sky.a(xmem.o)
                                       0x1b78 (size before relaxing)
 .stab          0x0000000000006a80      0x2b8 contiki-sky.a(node-id.o)
                                        0x4e0 (size before relaxing)
 .stab          0x0000000000006d38      0x69c contiki-sky.a(sensors.o)
                                        0xc3c (size before relaxing)
 .stab          0x00000000000073d4     0x2c1c contiki-sky.a(cc2420.o)
                                       0x37d4 (size before relaxing)
 .stab          0x0000000000009ff0      0xb7c contiki-sky.a(cc2420-arch.o)
                                       0x1614 (size before relaxing)
 .stab          0x000000000000ab6c      0x654 contiki-sky.a(uart1.o)
                                        0xa2c (size before relaxing)
 .stab          0x000000000000b1c0      0x27c contiki-sky.a(uart1-putchar.o)
                                        0x654 (size before relaxing)
 .stab          0x000000000000b43c      0x4ec contiki-sky.a(msp430.o)
                                        0xa98 (size before relaxing)
 .stab          0x000000000000b928      0xde0 contiki-sky.a(clock.o)
                                       0x1c14 (size before relaxing)
 .stab          0x000000000000c708      0x96c contiki-sky.a(leds.o)
                                       0x1794 (size before relaxing)
 .stab          0x000000000000d074      0x3f0 contiki-sky.a(leds-arch.o)
                                        0x7c8 (size before relaxing)
 .stab          0x000000000000d464      0x444 contiki-sky.a(watchdog.o)
                                        0x81c (size before relaxing)
 .stab          0x000000000000d8a8     0x1b30 contiki-sky.a(rtimer.o)
                                       0x2964 (size before relaxing)
 .stab          0x000000000000f3d8      0x294 contiki-sky.a(autostart.o)
                                        0x534 (size before relaxing)
 .stab          0x000000000000f66c      0x498 contiki-sky.a(energest.o)
                                        0x780 (size before relaxing)
 .stab          0x000000000000fb04      0x888 contiki-sky.a(ctimer.o)
                                        0xc78 (size before relaxing)
 .stab          0x000000000001038c      0xae0 contiki-sky.a(etimer.o)
                                        0xdd4 (size before relaxing)
 .stab          0x0000000000010e6c      0xba0 contiki-sky.a(process.o)
                                       0x1038 (size before relaxing)
 .stab          0x0000000000011a0c      0x378 contiki-sky.a(timer.o)
                                        0x5dc (size before relaxing)
 .stab          0x0000000000011d84      0x57c contiki-sky.a(serial-line.o)
                                        0xb1c (size before relaxing)
 .stab          0x0000000000012300      0x3fc contiki-sky.a(ringbuf.o)
                                        0x63c (size before relaxing)
 .stab          0x00000000000126fc      0x7f8 contiki-sky.a(list.o)
                                        0x804 (size before relaxing)
 .stab          0x0000000000012ef4      0x60c contiki-sky.a(memb.o)
                                        0xbc4 (size before relaxing)
 .stab          0x0000000000013500      0x240 contiki-sky.a(random.o)
                                        0x654 (size before relaxing)
 .stab          0x0000000000013740      0x9e4 contiki-sky.a(rime.o)
                                       0x1230 (size before relaxing)
 .stab          0x0000000000014124      0xa80 contiki-sky.a(broadcast-annou)
                                       0x16ec (size before relaxing)
 .stab          0x0000000000014ba4      0xa8c contiki-sky.a(polite-announce)
                                       0x16f8 (size before relaxing)
 .stab          0x0000000000015630      0x678 contiki-sky.a(abc.o)
                                       0x147c (size before relaxing)
 .stab          0x0000000000015ca8      0xa38 contiki-sky.a(announcement.o)
                                        0xd8c (size before relaxing)
 .stab          0x00000000000166e0      0x678 contiki-sky.a(channel.o)
                                       0x1260 (size before relaxing)
 .stab          0x0000000000016d58      0x6e4 contiki-sky.a(broadcast.o)
                                       0x14e8 (size before relaxing)
 .stab          0x000000000001743c      0x9a8 contiki-sky.a(ipolite.o)
                                       0x15d8 (size before relaxing)
 .stab          0x0000000000017de4      0x594 contiki-sky.a(chameleon.o)
                                       0x1200 (size before relaxing)
 .stab          0x0000000000018378      0xcfc contiki-sky.a(csma.o)
                                       0x16f8 (size before relaxing)
 .stab          0x0000000000019074      0x1f8 contiki-sky.a(mac.o)
                                        0x4ec (size before relaxing)
 .stab          0x000000000001926c      0x720 contiki-sky.a(csyncrdc-framer)
                                       0x10d4 (size before relaxing)
 .stab          0x000000000001998c      0xa68 contiki-sky.a(queuebuf.o)
                                       0x186c (size before relaxing)
 .stab          0x000000000001a3f4      0xc6c contiki-sky.a(packetbuf.o)
                                       0x1a88 (size before relaxing)
 .stab          0x000000000001b060      0x2c4 contiki-sky.a(linkaddr.o)
                                        0x6c0 (size before relaxing)
 .stab          0x000000000001b324      0x7d4 contiki-sky.a(nullsec.o)
                                       0x15fc (size before relaxing)
 .stab          0x000000000001baf8      0xf48 contiki-sky.a(gtsp.o)
                                       0x1d7c (size before relaxing)
 .stab          0x000000000001ca40      0xcc0 contiki-sky.a(ftsp.o)
                                       0x1af4 (size before relaxing)
 .stab          0x000000000001d700      0x630 contiki-sky.a(received_discov)
                                       0x1464 (size before relaxing)
 .stab          0x000000000001dd30      0x204 contiki-sky.a(spi.o)
                                        0x42c (size before relaxing)
 .stab          0x000000000001df34      0xd74 contiki-sky.a(chameleon-bitop)
                                       0x1998 (size before relaxing)
 .stab          0x000000000001eca8      0x96c contiki-sky.a(framer-802154.o)
                                        0xffc (size before relaxing)
 .stab          0x000000000001f614     0x1224 contiki-sky.a(frame802154.o)
                                       0x1a94 (size before relaxing)

.stabstr        0x0000000000000000    0x16f25
 *(.stabstr)
 .stabstr       0x0000000000000000    0x16f25 c-sync.co

.stab.excl
 *(.stab.excl)

.stab.exclstr
 *(.stab.exclstr)

.stab.index
 *(.stab.index)

.stab.indexstr
 *(.stab.indexstr)

.comment
 *(.comment)

.debug
 *(.debug)

.line
 *(.line)

.debug_srcinfo
 *(.debug_srcinfo)

.debug_sfnames
 *(.debug_sfnames)

.debug_aranges  0x0000000000000000      0x2a8
 *(.debug_aranges)
 .debug_aranges
                0x0000000000000000       0x14 /usr/lib/gcc/msp430/4.6.3/mmpy-16/libgcc.a(_mulsi3.o)
 .debug_aranges
                0x0000000000000014       0x14 /usr/lib/gcc/msp430/4.6.3/mmpy-16/libgcc.a(_udivmod32.o)
 .debug_aranges
                0x0000000000000028       0x14 /usr/lib/gcc/msp430/4.6.3/mmpy-16/libgcc.a(_divmod32.o)
 .debug_aranges
                0x000000000000003c       0x14 /usr/lib/gcc/msp430/4.6.3/mmpy-16/libgcc.a(_fixunssfsi.o)
 .debug_aranges
                0x0000000000000050       0x14 /usr/lib/gcc/msp430/4.6.3/mmpy-16/libgcc.a(_addsub_sf.o)
 .debug_aranges
                0x0000000000000064       0x14 /usr/lib/gcc/msp430/4.6.3/mmpy-16/libgcc.a(_mul_sf.o)
 .debug_aranges
                0x0000000000000078       0x14 /usr/lib/gcc/msp430/4.6.3/mmpy-16/libgcc.a(_div_sf.o)
 .debug_aranges
                0x000000000000008c       0x14 /usr/lib/gcc/msp430/4.6.3/mmpy-16/libgcc.a(_ne_sf.o)
 .debug_aranges
                0x00000000000000a0       0x14 /usr/lib/gcc/msp430/4.6.3/mmpy-16/libgcc.a(_gt_sf.o)
 .debug_aranges
                0x00000000000000b4       0x14 /usr/lib/gcc/msp430/4.6.3/mmpy-16/libgcc.a(_ge_sf.o)
 .debug_aranges
                0x00000000000000c8       0x14 /usr/lib/gcc/msp430/4.6.3/mmpy-16/libgcc.a(_lt_sf.o)
 .debug_aranges
                0x00000000000000dc       0x14 /usr/lib/gcc/msp430/4.6.3/mmpy-16/libgcc.a(_si_to_sf.o)
 .debug_aranges
                0x00000000000000f0       0x14 /usr/lib/gcc/msp430/4.6.3/mmpy-16/libgcc.a(_sf_to_si.o)
 .debug_aranges
                0x0000000000000104       0x14 /usr/lib/gcc/msp430/4.6.3/mmpy-16/libgcc.a(_usi_to_sf.o)
 .debug_aranges
                0x0000000000000118       0x14 /usr/lib/gcc/msp430/4.6.3/mmpy-16/libgcc.a(_clzsi2.o)
 .debug_aranges
                0x000000000000012c       0x14 /usr/lib/gcc/msp430/4.6.3/mmpy-16/libgcc.a(_pack_sf.o)
 .debug_aranges
                0x0000000000000140       0x14 /usr/lib/gcc/msp430/4.6.3/mmpy-16/libgcc.a(_unpack_sf.o)
 .debug_aranges
                0x0000000000000154       0x14 /usr/lib/gcc/msp430/4.6.3/mmpy-16/libgcc.a(_fpcmp_parts_sf.o)
 .debug_aranges
                0x0000000000000168       0x14 /usr/lib/gcc/msp430/4.6.3/../../../../msp430/lib/mmpy-16/libc.a(strncmp.o)
 .debug_aranges
                0x000000000000017c       0x14 /usr/lib/gcc/msp430/4.6.3/../../../../msp430/lib/mmpy-16/libc.a(memcmp.o)
 .debug_aranges
                0x0000000000000190       0x14 /usr/lib/gcc/msp430/4.6.3/../../../../msp430/lib/mmpy-16/libc.a(memcpy.o)
 .debug_aranges
                0x00000000000001a4       0x14 /usr/lib/gcc/msp430/4.6.3/../../../../msp430/lib/mmpy-16/libc.a(memset.o)
 .debug_aranges
                0x00000000000001b8       0x14 /usr/lib/gcc/msp430/4.6.3/../../../../msp430/lib/mmpy-16/libc.a(printf.o)
 .debug_aranges
                0x00000000000001cc       0x14 /usr/lib/gcc/msp430/4.6.3/../../../../msp430/lib/mmpy-16/libc.a(vuprintf.o)
 .debug_aranges
                0x00000000000001e0       0x14 /usr/lib/gcc/msp430/4.6.3/../../../../msp430/lib/mmpy-16/libc.a(puts.o)
 .debug_aranges
                0x00000000000001f4       0x14 /usr/lib/gcc/msp430/4.6.3/../../../../msp430/lib/mmpy-16/libc.a(rand.o)
 .debug_aranges
                0x0000000000000208       0x14 /usr/lib/gcc/msp430/4.6.3/mmpy-16/libgcc.a(_udivmod16.o)
 .debug_aranges
                0x000000000000021c       0x14 /usr/lib/gcc/msp430/4.6.3/mmpy-16/libgcc.a(_udivmod64.o)
 .debug_aranges
                0x0000000000000230       0x14 /usr/lib/gcc/msp430/4.6.3/mmpy-16/libcrt0.a(__watchdog_support.o)
 .debug_aranges
                0x0000000000000244       0x14 /usr/lib/gcc/msp430/4.6.3/mmpy-16/libcrt0.a(__init_stack.o)
 .debug_aranges
                0x0000000000000258       0x14 /usr/lib/gcc/msp430/4.6.3/mmpy-16/libcrt0.a(_copy_data.o)
 .debug_aranges
                0x000000000000026c       0x14 /usr/lib/gcc/msp430/4.6.3/mmpy-16/libcrt0.a(_clear_bss.o)
 .debug_aranges
                0x0000000000000280       0x14 /usr/lib/gcc/msp430/4.6.3/mmpy-16/libcrt0.a(_endless_loop__.o)
 .debug_aranges
                0x0000000000000294       0x14 /usr/lib/gcc/msp430/4.6.3/mmpy-16/libcrt0.a(_unexpected_.o)

.debug_pubnames
 *(.debug_pubnames)

.debug_info     0x0000000000000000     0x3a71
 *(.debug_info)
 .debug_info    0x0000000000000000       0xd6 /usr/lib/gcc/msp430/4.6.3/mmpy-16/libgcc.a(_mulsi3.o)
 .debug_info    0x00000000000000d6       0xd6 /usr/lib/gcc/msp430/4.6.3/mmpy-16/libgcc.a(_udivmod32.o)
 .debug_info    0x00000000000001ac       0xd6 /usr/lib/gcc/msp430/4.6.3/mmpy-16/libgcc.a(_divmod32.o)
 .debug_info    0x0000000000000282       0xb5 /usr/lib/gcc/msp430/4.6.3/mmpy-16/libgcc.a(_fixunssfsi.o)
 .debug_info    0x0000000000000337      0x425 /usr/lib/gcc/msp430/4.6.3/mmpy-16/libgcc.a(_addsub_sf.o)
 .debug_info    0x000000000000075c      0x3c9 /usr/lib/gcc/msp430/4.6.3/mmpy-16/libgcc.a(_mul_sf.o)
 .debug_info    0x0000000000000b25      0x35c /usr/lib/gcc/msp430/4.6.3/mmpy-16/libgcc.a(_div_sf.o)
 .debug_info    0x0000000000000e81      0x26e /usr/lib/gcc/msp430/4.6.3/mmpy-16/libgcc.a(_ne_sf.o)
 .debug_info    0x00000000000010ef      0x26e /usr/lib/gcc/msp430/4.6.3/mmpy-16/libgcc.a(_gt_sf.o)
 .debug_info    0x000000000000135d      0x26e /usr/lib/gcc/msp430/4.6.3/mmpy-16/libgcc.a(_ge_sf.o)
 .debug_info    0x00000000000015cb      0x26e /usr/lib/gcc/msp430/4.6.3/mmpy-16/libgcc.a(_lt_sf.o)
 .debug_info    0x0000000000001839      0x20b /usr/lib/gcc/msp430/4.6.3/mmpy-16/libgcc.a(_si_to_sf.o)
 .debug_info    0x0000000000001a44      0x289 /usr/lib/gcc/msp430/4.6.3/mmpy-16/libgcc.a(_sf_to_si.o)
 .debug_info    0x0000000000001ccd      0x144 /usr/lib/gcc/msp430/4.6.3/mmpy-16/libgcc.a(_thenan_sf.o)
 .debug_info    0x0000000000001e11      0x204 /usr/lib/gcc/msp430/4.6.3/mmpy-16/libgcc.a(_usi_to_sf.o)
 .debug_info    0x0000000000002015      0x109 /usr/lib/gcc/msp430/4.6.3/mmpy-16/libgcc.a(_clzsi2.o)
 .debug_info    0x000000000000211e      0x2b1 /usr/lib/gcc/msp430/4.6.3/mmpy-16/libgcc.a(_pack_sf.o)
 .debug_info    0x00000000000023cf      0x23e /usr/lib/gcc/msp430/4.6.3/mmpy-16/libgcc.a(_unpack_sf.o)
 .debug_info    0x000000000000260d      0x1d5 /usr/lib/gcc/msp430/4.6.3/mmpy-16/libgcc.a(_fpcmp_parts_sf.o)
 .debug_info    0x00000000000027e2       0xa0 /usr/lib/gcc/msp430/4.6.3/mmpy-16/libgcc.a(_clz.o)
 .debug_info    0x0000000000002882       0xbb /usr/lib/gcc/msp430/4.6.3/../../../../msp430/lib/mmpy-16/libc.a(strncmp.o)
 .debug_info    0x000000000000293d       0xe8 /usr/lib/gcc/msp430/4.6.3/../../../../msp430/lib/mmpy-16/libc.a(memcmp.o)
 .debug_info    0x0000000000002a25      0x113 /usr/lib/gcc/msp430/4.6.3/../../../../msp430/lib/mmpy-16/libc.a(memcpy.o)
 .debug_info    0x0000000000002b38       0xfe /usr/lib/gcc/msp430/4.6.3/../../../../msp430/lib/mmpy-16/libc.a(memset.o)
 .debug_info    0x0000000000002c36      0x105 /usr/lib/gcc/msp430/4.6.3/../../../../msp430/lib/mmpy-16/libc.a(printf.o)
 .debug_info    0x0000000000002d3b      0x565 /usr/lib/gcc/msp430/4.6.3/../../../../msp430/lib/mmpy-16/libc.a(vuprintf.o)
 .debug_info    0x00000000000032a0       0x96 /usr/lib/gcc/msp430/4.6.3/../../../../msp430/lib/mmpy-16/libc.a(puts.o)
 .debug_info    0x0000000000003336      0x13f /usr/lib/gcc/msp430/4.6.3/../../../../msp430/lib/mmpy-16/libc.a(rand.o)
 .debug_info    0x0000000000003475       0xd6 /usr/lib/gcc/msp430/4.6.3/mmpy-16/libgcc.a(_udivmod16.o)
 .debug_info    0x000000000000354b       0xd6 /usr/lib/gcc/msp430/4.6.3/mmpy-16/libgcc.a(_udivmod64.o)
 .debug_info    0x0000000000003621       0xb8 /usr/lib/gcc/msp430/4.6.3/mmpy-16/libcrt0.a(__watchdog_support.o)
 .debug_info    0x00000000000036d9       0xb8 /usr/lib/gcc/msp430/4.6.3/mmpy-16/libcrt0.a(__init_stack.o)
 .debug_info    0x0000000000003791       0xb8 /usr/lib/gcc/msp430/4.6.3/mmpy-16/libcrt0.a(_copy_data.o)
 .debug_info    0x0000000000003849       0xb8 /usr/lib/gcc/msp430/4.6.3/mmpy-16/libcrt0.a(_clear_bss.o)
 .debug_info    0x0000000000003901       0xb8 /usr/lib/gcc/msp430/4.6.3/mmpy-16/libcrt0.a(_endless_loop__.o)
 .debug_info    0x00000000000039b9       0xb8 /usr/lib/gcc/msp430/4.6.3/mmpy-16/libcrt0.a(_unexpected_.o)
 *(.gnu.linkonce.wi.*)

.debug_abbrev   0x0000000000000000     0x1c13
 *(.debug_abbrev)
 .debug_abbrev  0x0000000000000000       0x14 /usr/lib/gcc/msp430/4.6.3/mmpy-16/libgcc.a(_mulsi3.o)
 .debug_abbrev  0x0000000000000014       0x14 /usr/lib/gcc/msp430/4.6.3/mmpy-16/libgcc.a(_udivmod32.o)